<?xml version="1.0" encoding="ISO-8859-1" ?>
<link_info>
   <banner>MSP430 Linker PC v21.6.1.LTS</banner>
   <copyright>Copyright (c) 2003-2018 Texas Instruments Incorporated</copyright>
   <link_time>0x6a031188</link_time>
   <link_errors>0x0</link_errors>
   <output_file>toygun.out</output_file>
   <entry_point>
      <name>_c_int00_noargs</name>
      <address>0x5c94</address>
   </entry_point>
   <input_file_list>
      <input_file id="fl-2">
         <path>.\</path>
         <kind>object</kind>
         <file>main.obj</file>
         <name>main.obj</name>
      </input_file>
      <input_file id="fl-3">
         <path>.\source\</path>
         <kind>object</kind>
         <file>adc_drv.obj</file>
         <name>adc_drv.obj</name>
      </input_file>
      <input_file id="fl-4">
         <path>.\source\</path>
         <kind>object</kind>
         <file>gpio.obj</file>
         <name>gpio.obj</name>
      </input_file>
      <input_file id="fl-5">
         <path>.\source\</path>
         <kind>object</kind>
         <file>hal_rs422.obj</file>
         <name>hal_rs422.obj</name>
      </input_file>
      <input_file id="fl-6">
         <path>.\source\</path>
         <kind>object</kind>
         <file>hal_system.obj</file>
         <name>hal_system.obj</name>
      </input_file>
      <input_file id="fl-7">
         <path>.\source\</path>
         <kind>object</kind>
         <file>i2c_drv.obj</file>
         <name>i2c_drv.obj</name>
      </input_file>
      <input_file id="fl-8">
         <path>.\source\</path>
         <kind>object</kind>
         <file>mb_rs422.obj</file>
         <name>mb_rs422.obj</name>
      </input_file>
      <input_file id="fl-e">
         <kind>object</kind>
         <file>&lt;internal&gt;</file>
         <name>&lt;internal&gt;</name>
      </input_file>
      <input_file id="fl-29">
         <path>D:\CCS\ccs\tools\compiler\ti-cgt-msp430_21.6.1.LTS\lib\</path>
         <kind>archive</kind>
         <file>rts430x_lc_rd_eabi.lib</file>
         <name>fs_add.asm.obj</name>
      </input_file>
      <input_file id="fl-2a">
         <path>D:\CCS\ccs\tools\compiler\ti-cgt-msp430_21.6.1.LTS\lib\</path>
         <kind>archive</kind>
         <file>rts430x_lc_rd_eabi.lib</file>
         <name>fs_cmp.asm.obj</name>
      </input_file>
      <input_file id="fl-2b">
         <path>D:\CCS\ccs\tools\compiler\ti-cgt-msp430_21.6.1.LTS\lib\</path>
         <kind>archive</kind>
         <file>rts430x_lc_rd_eabi.lib</file>
         <name>fs_div.asm.obj</name>
      </input_file>
      <input_file id="fl-2c">
         <path>D:\CCS\ccs\tools\compiler\ti-cgt-msp430_21.6.1.LTS\lib\</path>
         <kind>archive</kind>
         <file>rts430x_lc_rd_eabi.lib</file>
         <name>fs_itof.asm.obj</name>
      </input_file>
      <input_file id="fl-2d">
         <path>D:\CCS\ccs\tools\compiler\ti-cgt-msp430_21.6.1.LTS\lib\</path>
         <kind>archive</kind>
         <file>rts430x_lc_rd_eabi.lib</file>
         <name>fs_mpy.asm.obj</name>
      </input_file>
      <input_file id="fl-2e">
         <path>D:\CCS\ccs\tools\compiler\ti-cgt-msp430_21.6.1.LTS\lib\</path>
         <kind>archive</kind>
         <file>rts430x_lc_rd_eabi.lib</file>
         <name>fs_utof.asm.obj</name>
      </input_file>
      <input_file id="fl-2f">
         <path>D:\CCS\ccs\tools\compiler\ti-cgt-msp430_21.6.1.LTS\lib\</path>
         <kind>archive</kind>
         <file>rts430x_lc_rd_eabi.lib</file>
         <name>int41.asm.obj</name>
      </input_file>
      <input_file id="fl-30">
         <path>D:\CCS\ccs\tools\compiler\ti-cgt-msp430_21.6.1.LTS\lib\</path>
         <kind>archive</kind>
         <file>rts430x_lc_rd_eabi.lib</file>
         <name>int42.asm.obj</name>
      </input_file>
      <input_file id="fl-31">
         <path>D:\CCS\ccs\tools\compiler\ti-cgt-msp430_21.6.1.LTS\lib\</path>
         <kind>archive</kind>
         <file>rts430x_lc_rd_eabi.lib</file>
         <name>int43.asm.obj</name>
      </input_file>
      <input_file id="fl-32">
         <path>D:\CCS\ccs\tools\compiler\ti-cgt-msp430_21.6.1.LTS\lib\</path>
         <kind>archive</kind>
         <file>rts430x_lc_rd_eabi.lib</file>
         <name>int44.asm.obj</name>
      </input_file>
      <input_file id="fl-33">
         <path>D:\CCS\ccs\tools\compiler\ti-cgt-msp430_21.6.1.LTS\lib\</path>
         <kind>archive</kind>
         <file>rts430x_lc_rd_eabi.lib</file>
         <name>int45.asm.obj</name>
      </input_file>
      <input_file id="fl-34">
         <path>D:\CCS\ccs\tools\compiler\ti-cgt-msp430_21.6.1.LTS\lib\</path>
         <kind>archive</kind>
         <file>rts430x_lc_rd_eabi.lib</file>
         <name>int46.asm.obj</name>
      </input_file>
      <input_file id="fl-35">
         <path>D:\CCS\ccs\tools\compiler\ti-cgt-msp430_21.6.1.LTS\lib\</path>
         <kind>archive</kind>
         <file>rts430x_lc_rd_eabi.lib</file>
         <name>int47.asm.obj</name>
      </input_file>
      <input_file id="fl-36">
         <path>D:\CCS\ccs\tools\compiler\ti-cgt-msp430_21.6.1.LTS\lib\</path>
         <kind>archive</kind>
         <file>rts430x_lc_rd_eabi.lib</file>
         <name>int48.asm.obj</name>
      </input_file>
      <input_file id="fl-37">
         <path>D:\CCS\ccs\tools\compiler\ti-cgt-msp430_21.6.1.LTS\lib\</path>
         <kind>archive</kind>
         <file>rts430x_lc_rd_eabi.lib</file>
         <name>int49.asm.obj</name>
      </input_file>
      <input_file id="fl-38">
         <path>D:\CCS\ccs\tools\compiler\ti-cgt-msp430_21.6.1.LTS\lib\</path>
         <kind>archive</kind>
         <file>rts430x_lc_rd_eabi.lib</file>
         <name>int50.asm.obj</name>
      </input_file>
      <input_file id="fl-39">
         <path>D:\CCS\ccs\tools\compiler\ti-cgt-msp430_21.6.1.LTS\lib\</path>
         <kind>archive</kind>
         <file>rts430x_lc_rd_eabi.lib</file>
         <name>int53.asm.obj</name>
      </input_file>
      <input_file id="fl-3a">
         <path>D:\CCS\ccs\tools\compiler\ti-cgt-msp430_21.6.1.LTS\lib\</path>
         <kind>archive</kind>
         <file>rts430x_lc_rd_eabi.lib</file>
         <name>int55.asm.obj</name>
      </input_file>
      <input_file id="fl-3b">
         <path>D:\CCS\ccs\tools\compiler\ti-cgt-msp430_21.6.1.LTS\lib\</path>
         <kind>archive</kind>
         <file>rts430x_lc_rd_eabi.lib</file>
         <name>int57.asm.obj</name>
      </input_file>
      <input_file id="fl-3c">
         <path>D:\CCS\ccs\tools\compiler\ti-cgt-msp430_21.6.1.LTS\lib\</path>
         <kind>archive</kind>
         <file>rts430x_lc_rd_eabi.lib</file>
         <name>int58.asm.obj</name>
      </input_file>
      <input_file id="fl-3d">
         <path>D:\CCS\ccs\tools\compiler\ti-cgt-msp430_21.6.1.LTS\lib\</path>
         <kind>archive</kind>
         <file>rts430x_lc_rd_eabi.lib</file>
         <name>int59.asm.obj</name>
      </input_file>
      <input_file id="fl-3e">
         <path>D:\CCS\ccs\tools\compiler\ti-cgt-msp430_21.6.1.LTS\lib\</path>
         <kind>archive</kind>
         <file>rts430x_lc_rd_eabi.lib</file>
         <name>int60.asm.obj</name>
      </input_file>
      <input_file id="fl-3f">
         <path>D:\CCS\ccs\tools\compiler\ti-cgt-msp430_21.6.1.LTS\lib\</path>
         <kind>archive</kind>
         <file>rts430x_lc_rd_eabi.lib</file>
         <name>int61.asm.obj</name>
      </input_file>
      <input_file id="fl-40">
         <path>D:\CCS\ccs\tools\compiler\ti-cgt-msp430_21.6.1.LTS\lib\</path>
         <kind>archive</kind>
         <file>rts430x_lc_rd_eabi.lib</file>
         <name>int62.asm.obj</name>
      </input_file>
      <input_file id="fl-41">
         <path>D:\CCS\ccs\tools\compiler\ti-cgt-msp430_21.6.1.LTS\lib\</path>
         <kind>archive</kind>
         <file>rts430x_lc_rd_eabi.lib</file>
         <name>isr_trap.asm.obj</name>
      </input_file>
      <input_file id="fl-42">
         <path>D:\CCS\ccs\tools\compiler\ti-cgt-msp430_21.6.1.LTS\lib\</path>
         <kind>archive</kind>
         <file>rts430x_lc_rd_eabi.lib</file>
         <name>mult16_f5hw.asm.obj</name>
      </input_file>
      <input_file id="fl-43">
         <path>D:\CCS\ccs\tools\compiler\ti-cgt-msp430_21.6.1.LTS\lib\</path>
         <kind>archive</kind>
         <file>rts430x_lc_rd_eabi.lib</file>
         <name>mult1632_f5hw.asm.obj</name>
      </input_file>
      <input_file id="fl-44">
         <path>D:\CCS\ccs\tools\compiler\ti-cgt-msp430_21.6.1.LTS\lib\</path>
         <kind>archive</kind>
         <file>rts430x_lc_rd_eabi.lib</file>
         <name>mult32_f5hw.asm.obj</name>
      </input_file>
      <input_file id="fl-45">
         <path>D:\CCS\ccs\tools\compiler\ti-cgt-msp430_21.6.1.LTS\lib\</path>
         <kind>archive</kind>
         <file>rts430x_lc_rd_eabi.lib</file>
         <name>mult3264_f5hw.asm.obj</name>
      </input_file>
      <input_file id="fl-46">
         <path>D:\CCS\ccs\tools\compiler\ti-cgt-msp430_21.6.1.LTS\lib\</path>
         <kind>archive</kind>
         <file>rts430x_lc_rd_eabi.lib</file>
         <name>mult64_f5hw.asm.obj</name>
      </input_file>
      <input_file id="fl-47">
         <path>D:\CCS\ccs\tools\compiler\ti-cgt-msp430_21.6.1.LTS\lib\</path>
         <kind>archive</kind>
         <file>rts430x_lc_rd_eabi.lib</file>
         <name>boot.c.obj</name>
      </input_file>
      <input_file id="fl-48">
         <path>D:\CCS\ccs\tools\compiler\ti-cgt-msp430_21.6.1.LTS\lib\</path>
         <kind>archive</kind>
         <file>rts430x_lc_rd_eabi.lib</file>
         <name>autoinit.c.obj</name>
      </input_file>
      <input_file id="fl-49">
         <path>D:\CCS\ccs\tools\compiler\ti-cgt-msp430_21.6.1.LTS\lib\</path>
         <kind>archive</kind>
         <file>rts430x_lc_rd_eabi.lib</file>
         <name>copy_zero_init.c.obj</name>
      </input_file>
      <input_file id="fl-4a">
         <path>D:\CCS\ccs\tools\compiler\ti-cgt-msp430_21.6.1.LTS\lib\</path>
         <kind>archive</kind>
         <file>rts430x_lc_rd_eabi.lib</file>
         <name>cpy_tbl.c.obj</name>
      </input_file>
      <input_file id="fl-4b">
         <path>D:\CCS\ccs\tools\compiler\ti-cgt-msp430_21.6.1.LTS\lib\</path>
         <kind>archive</kind>
         <file>rts430x_lc_rd_eabi.lib</file>
         <name>mpu_init.c.obj</name>
      </input_file>
      <input_file id="fl-4c">
         <path>D:\CCS\ccs\tools\compiler\ti-cgt-msp430_21.6.1.LTS\lib\</path>
         <kind>archive</kind>
         <file>rts430x_lc_rd_eabi.lib</file>
         <name>pre_init.c.obj</name>
      </input_file>
      <input_file id="fl-4d">
         <path>D:\CCS\ccs\tools\compiler\ti-cgt-msp430_21.6.1.LTS\lib\</path>
         <kind>archive</kind>
         <file>rts430x_lc_rd_eabi.lib</file>
         <name>startup.c.obj</name>
      </input_file>
      <input_file id="fl-4e">
         <path>D:\CCS\ccs\tools\compiler\ti-cgt-msp430_21.6.1.LTS\lib\</path>
         <kind>archive</kind>
         <file>rts430x_lc_rd_eabi.lib</file>
         <name>copy_decompress_none.c.obj</name>
      </input_file>
      <input_file id="fl-4f">
         <path>D:\CCS\ccs\tools\compiler\ti-cgt-msp430_21.6.1.LTS\lib\</path>
         <kind>archive</kind>
         <file>rts430x_lc_rd_eabi.lib</file>
         <name>copy_decompress_lzss.c.obj</name>
      </input_file>
      <input_file id="fl-50">
         <path>D:\CCS\ccs\tools\compiler\ti-cgt-msp430_21.6.1.LTS\lib\</path>
         <kind>archive</kind>
         <file>rts430x_lc_rd_eabi.lib</file>
         <name>exit.c.obj</name>
      </input_file>
      <input_file id="fl-51">
         <path>D:\CCS\ccs\tools\compiler\ti-cgt-msp430_21.6.1.LTS\lib\</path>
         <kind>archive</kind>
         <file>rts430x_lc_rd_eabi.lib</file>
         <name>_lock.c.obj</name>
      </input_file>
      <input_file id="fl-52">
         <path>D:\CCS\ccs\tools\compiler\ti-cgt-msp430_21.6.1.LTS\lib\</path>
         <kind>archive</kind>
         <file>rts430x_lc_rd_eabi.lib</file>
         <name>args_main.c.obj</name>
      </input_file>
      <input_file id="fl-53">
         <path>D:\CCS\ccs\tools\compiler\ti-cgt-msp430_21.6.1.LTS\lib\</path>
         <kind>archive</kind>
         <file>rts430x_lc_rd_eabi.lib</file>
         <name>memcpy.c.obj</name>
      </input_file>
      <input_file id="fl-54">
         <path>D:\CCS\ccs\tools\compiler\ti-cgt-msp430_21.6.1.LTS\lib\</path>
         <kind>archive</kind>
         <file>rts430x_lc_rd_eabi.lib</file>
         <name>mult16.asm.obj</name>
      </input_file>
      <input_file id="fl-55">
         <path>D:\CCS\ccs\tools\compiler\ti-cgt-msp430_21.6.1.LTS\lib\</path>
         <kind>archive</kind>
         <file>rts430x_lc_rd_eabi.lib</file>
         <name>exit_gvars.c.obj</name>
      </input_file>
   </input_file_list>
   <object_component_list>
      <object_component id="oc-3b8">
         <name>.common:RS422</name>
         <uninitialized>true</uninitialized>
         <run_address>0x1c00</run_address>
         <size>0x10c</size>
      </object_component>
      <object_component id="oc-4f9">
         <name>.common:MB_RS422_Table</name>
         <uninitialized>true</uninitialized>
         <run_address>0x1d0c</run_address>
         <size>0x20</size>
      </object_component>
      <object_component id="oc-3c2">
         <name>.data</name>
         <load_address>0x1d8c</load_address>
         <run_address>0x1d8c</run_address>
         <size>0x14</size>
         <input_file_ref idref="fl-2"/>
      </object_component>
      <object_component id="oc-55a">
         <name>.data:g_vin_buffer</name>
         <load_address>0x1d6c</load_address>
         <run_address>0x1d6c</run_address>
         <size>0x20</size>
         <input_file_ref idref="fl-2"/>
      </object_component>
      <object_component id="oc-3c8">
         <name>.data</name>
         <load_address>0x1da6</load_address>
         <run_address>0x1da6</run_address>
         <size>0x2</size>
         <input_file_ref idref="fl-6"/>
      </object_component>
      <object_component id="oc-3cc">
         <name>.data:g_ucb0_ctx</name>
         <load_address>0x1d2c</load_address>
         <run_address>0x1d2c</run_address>
         <size>0x20</size>
         <input_file_ref idref="fl-7"/>
      </object_component>
      <object_component id="oc-3ae">
         <name>.data:g_ucb2_ctx</name>
         <load_address>0x1d4c</load_address>
         <run_address>0x1d4c</run_address>
         <size>0x20</size>
         <input_file_ref idref="fl-7"/>
      </object_component>
      <object_component id="oc-517">
         <name>.data</name>
         <load_address>0x1da0</load_address>
         <run_address>0x1da0</run_address>
         <size>0x6</size>
         <input_file_ref idref="fl-8"/>
      </object_component>
      <object_component id="oc-327">
         <name>.stack</name>
         <uninitialized>true</uninitialized>
         <run_address>0x5b60</run_address>
         <size>0x4</size>
         <input_file_ref idref="fl-47"/>
      </object_component>
      <object_component id="oc-6a9">
         <name>.stack</name>
         <uninitialized>true</uninitialized>
         <run_address>0x5b60</run_address>
         <size>0x0</size>
      </object_component>
      <object_component id="oc-47e">
         <name>.text:MB_RS422_UpdateTable</name>
         <load_address>0x10000</load_address>
         <run_address>0x10000</run_address>
         <size>0x5b4</size>
         <input_file_ref idref="fl-8"/>
      </object_component>
      <object_component id="oc-484">
         <name>.text:Protection_Task</name>
         <load_address>0x105b4</load_address>
         <run_address>0x105b4</run_address>
         <size>0x564</size>
         <input_file_ref idref="fl-2"/>
      </object_component>
      <object_component id="oc-478">
         <name>.text:MB_RS422_Process</name>
         <load_address>0x10b18</load_address>
         <run_address>0x10b18</run_address>
         <size>0x1a8</size>
         <input_file_ref idref="fl-8"/>
      </object_component>
      <object_component id="oc-539">
         <name>.text</name>
         <load_address>0x10cc0</load_address>
         <run_address>0x10cc0</run_address>
         <size>0x132</size>
         <input_file_ref idref="fl-29"/>
      </object_component>
      <object_component id="oc-5d8">
         <name>.text:i2c_start_job</name>
         <load_address>0x10df2</load_address>
         <run_address>0x10df2</run_address>
         <size>0xd4</size>
         <input_file_ref idref="fl-7"/>
      </object_component>
      <object_component id="oc-44e">
         <name>.text:gpio_init</name>
         <load_address>0x10ec6</load_address>
         <run_address>0x10ec6</run_address>
         <size>0xcc</size>
         <input_file_ref idref="fl-4"/>
      </object_component>
      <object_component id="oc-3b1">
         <name>.text:i2c_isr</name>
         <load_address>0x10f92</load_address>
         <run_address>0x10f92</run_address>
         <size>0xcc</size>
         <input_file_ref idref="fl-7"/>
      </object_component>
      <object_component id="oc-523">
         <name>.text</name>
         <load_address>0x1105e</load_address>
         <run_address>0x1105e</run_address>
         <size>0xb8</size>
         <input_file_ref idref="fl-2d"/>
      </object_component>
      <object_component id="oc-5b4">
         <name>.text:i2c_recover_lines</name>
         <load_address>0x11116</load_address>
         <run_address>0x11116</run_address>
         <size>0x9c</size>
         <input_file_ref idref="fl-7"/>
      </object_component>
      <object_component id="oc-53e">
         <name>.text</name>
         <load_address>0x111b2</load_address>
         <run_address>0x111b2</run_address>
         <size>0x90</size>
         <input_file_ref idref="fl-2b"/>
      </object_component>
      <object_component id="oc-6d">
         <name>.text:decompress:lzss:__TI_decompress_lzss</name>
         <load_address>0x11242</load_address>
         <run_address>0x11242</run_address>
         <size>0x76</size>
         <input_file_ref idref="fl-4f"/>
      </object_component>
      <object_component id="oc-3de">
         <name>.text:main</name>
         <load_address>0x112b8</load_address>
         <run_address>0x112b8</run_address>
         <size>0x66</size>
         <input_file_ref idref="fl-2"/>
      </object_component>
      <object_component id="oc-533">
         <name>.text:i2c_async_write_reg_multi</name>
         <load_address>0x1131e</load_address>
         <run_address>0x1131e</run_address>
         <size>0x5e</size>
         <input_file_ref idref="fl-7"/>
      </object_component>
      <object_component id="oc-518">
         <name>.text:i2c_async_poll</name>
         <load_address>0x1137c</load_address>
         <run_address>0x1137c</run_address>
         <size>0x5c</size>
         <input_file_ref idref="fl-7"/>
      </object_component>
      <object_component id="oc-4f0">
         <name>.text:i2c_configure_bus</name>
         <load_address>0x113d8</load_address>
         <run_address>0x113d8</run_address>
         <size>0x5c</size>
         <input_file_ref idref="fl-7"/>
      </object_component>
      <object_component id="oc-4ab">
         <name>.text:__TI_auto_init_nobinit_nopinit_hold_wdt:__TI_auto_init_nobinit_nopinit_hold_wdt</name>
         <load_address>0x11434</load_address>
         <run_address>0x11434</run_address>
         <size>0x54</size>
         <input_file_ref idref="fl-48"/>
      </object_component>
      <object_component id="oc-3bc">
         <name>.text:i2c_service_tick</name>
         <load_address>0x11488</load_address>
         <run_address>0x11488</run_address>
         <size>0x54</size>
         <input_file_ref idref="fl-7"/>
      </object_component>
      <object_component id="oc-4ea">
         <name>.text:i2c_recover_bus</name>
         <load_address>0x114dc</load_address>
         <run_address>0x114dc</run_address>
         <size>0x4c</size>
         <input_file_ref idref="fl-7"/>
      </object_component>
      <object_component id="oc-413">
         <name>.text:i2c_start_receive</name>
         <load_address>0x11528</load_address>
         <run_address>0x11528</run_address>
         <size>0x4a</size>
         <input_file_ref idref="fl-7"/>
      </object_component>
      <object_component id="oc-528">
         <name>.text</name>
         <load_address>0x11572</load_address>
         <run_address>0x11572</run_address>
         <size>0x4a</size>
         <input_file_ref idref="fl-2a"/>
      </object_component>
      <object_component id="oc-504">
         <name>.text:HAL_RS422_TickRxIdle</name>
         <load_address>0x115bc</load_address>
         <run_address>0x115bc</run_address>
         <size>0x44</size>
         <input_file_ref idref="fl-5"/>
      </object_component>
      <object_component id="oc-510">
         <name>.text:HAL_RS422_SendPacket</name>
         <load_address>0x11600</load_address>
         <run_address>0x11600</run_address>
         <size>0x3e</size>
         <input_file_ref idref="fl-5"/>
      </object_component>
      <object_component id="oc-454">
         <name>.text:HAL_RS422_Init</name>
         <load_address>0x1163e</load_address>
         <run_address>0x1163e</run_address>
         <size>0x3c</size>
         <input_file_ref idref="fl-5"/>
      </object_component>
      <object_component id="oc-442">
         <name>.text:HAL_System_ClockInit</name>
         <load_address>0x1167a</load_address>
         <run_address>0x1167a</run_address>
         <size>0x36</size>
         <input_file_ref idref="fl-6"/>
      </object_component>
      <object_component id="oc-543">
         <name>.text:adc_read_channel</name>
         <load_address>0x116b0</load_address>
         <run_address>0x116b0</run_address>
         <size>0x36</size>
         <input_file_ref idref="fl-3"/>
      </object_component>
      <object_component id="oc-51e">
         <name>.text</name>
         <load_address>0x116e6</load_address>
         <run_address>0x116e6</run_address>
         <size>0x36</size>
         <input_file_ref idref="fl-2c"/>
      </object_component>
      <object_component id="oc-4fd">
         <name>.text:i2c_write_reg_multi</name>
         <load_address>0x1171c</load_address>
         <run_address>0x1171c</run_address>
         <size>0x32</size>
         <input_file_ref idref="fl-7"/>
      </object_component>
      <object_component id="oc-5e2">
         <name>.text:adc_channel_to_inch</name>
         <load_address>0x1174e</load_address>
         <run_address>0x1174e</run_address>
         <size>0x30</size>
         <input_file_ref idref="fl-3"/>
      </object_component>
      <object_component id="oc-50a">
         <name>.text:get_CRC16</name>
         <load_address>0x1177e</load_address>
         <run_address>0x1177e</run_address>
         <size>0x2e</size>
         <input_file_ref idref="fl-8"/>
      </object_component>
      <object_component id="oc-40d">
         <name>.text:i2c_finish</name>
         <load_address>0x117ac</load_address>
         <run_address>0x117ac</run_address>
         <size>0x2a</size>
         <input_file_ref idref="fl-7"/>
      </object_component>
      <object_component id="oc-57b">
         <name>.text:update_vout_leds</name>
         <load_address>0x117d6</load_address>
         <run_address>0x117d6</run_address>
         <size>0x2a</size>
         <input_file_ref idref="fl-2"/>
      </object_component>
      <object_component id="oc-466">
         <name>.text:adc_init</name>
         <load_address>0x11800</load_address>
         <run_address>0x11800</run_address>
         <size>0x28</size>
         <input_file_ref idref="fl-3"/>
      </object_component>
      <object_component id="oc-5bb">
         <name>.text:i2c_select_bus_pins</name>
         <load_address>0x11828</load_address>
         <run_address>0x11828</run_address>
         <size>0x28</size>
         <input_file_ref idref="fl-7"/>
      </object_component>
      <object_component id="oc-52d">
         <name>.text:i2c_async_read_bytes</name>
         <load_address>0x11850</load_address>
         <run_address>0x11850</run_address>
         <size>0x26</size>
         <input_file_ref idref="fl-7"/>
      </object_component>
      <object_component id="oc-360">
         <name>.text:decompress:ZI:__TI_zero_init_nomemset:__TI_zero_init_nomemset</name>
         <load_address>0x11876</load_address>
         <run_address>0x11876</run_address>
         <size>0x24</size>
         <input_file_ref idref="fl-49"/>
      </object_component>
      <object_component id="oc-549">
         <name>.text</name>
         <load_address>0x1189a</load_address>
         <run_address>0x1189a</run_address>
         <size>0x24</size>
         <input_file_ref idref="fl-2e"/>
      </object_component>
      <object_component id="oc-5c4">
         <name>.text:i2c_wait_done</name>
         <load_address>0x118be</load_address>
         <run_address>0x118be</run_address>
         <size>0x22</size>
         <input_file_ref idref="fl-7"/>
      </object_component>
      <object_component id="oc-5ce">
         <name>.text:ctx_from_bus</name>
         <load_address>0x118e0</load_address>
         <run_address>0x118e0</run_address>
         <size>0x1c</size>
         <input_file_ref idref="fl-7"/>
      </object_component>
      <object_component id="oc-472">
         <name>.text:i2c_write_reg8</name>
         <load_address>0x118fc</load_address>
         <run_address>0x118fc</run_address>
         <size>0x1a</size>
         <input_file_ref idref="fl-7"/>
      </object_component>
      <object_component id="oc-46c">
         <name>.text:MB_RS422_Init</name>
         <load_address>0x11916</load_address>
         <run_address>0x11916</run_address>
         <size>0x18</size>
         <input_file_ref idref="fl-8"/>
      </object_component>
      <object_component id="oc-554">
         <name>.text:adc_read_voltage</name>
         <load_address>0x1192e</load_address>
         <run_address>0x1192e</run_address>
         <size>0x16</size>
         <input_file_ref idref="fl-3"/>
      </object_component>
      <object_component id="oc-45a">
         <name>.text:i2c_init_ucb0</name>
         <load_address>0x11944</load_address>
         <run_address>0x11944</run_address>
         <size>0x16</size>
         <input_file_ref idref="fl-7"/>
      </object_component>
      <object_component id="oc-460">
         <name>.text:i2c_init_ucb2</name>
         <load_address>0x1195a</load_address>
         <run_address>0x1195a</run_address>
         <size>0x16</size>
         <input_file_ref idref="fl-7"/>
      </object_component>
      <object_component id="oc-448">
         <name>.text:HAL_System_TimerInit</name>
         <load_address>0x11970</load_address>
         <run_address>0x11970</run_address>
         <size>0x14</size>
         <input_file_ref idref="fl-6"/>
      </object_component>
      <object_component id="oc-336">
         <name>.text:memcpy</name>
         <load_address>0x11984</load_address>
         <run_address>0x11984</run_address>
         <size>0x14</size>
         <input_file_ref idref="fl-53"/>
      </object_component>
      <object_component id="oc-73">
         <name>.text:decompress:none:__TI_decompress_none</name>
         <load_address>0x11998</load_address>
         <run_address>0x11998</run_address>
         <size>0x12</size>
         <input_file_ref idref="fl-4e"/>
      </object_component>
      <object_component id="oc-569">
         <name>.text:ext_on_requested</name>
         <load_address>0x119aa</load_address>
         <run_address>0x119aa</run_address>
         <size>0xe</size>
         <input_file_ref idref="fl-2"/>
      </object_component>
      <object_component id="oc-563">
         <name>.text:fault_flag_active</name>
         <load_address>0x119b8</load_address>
         <run_address>0x119b8</run_address>
         <size>0x8</size>
         <input_file_ref idref="fl-2"/>
      </object_component>
      <object_component id="oc-575">
         <name>.text:fault_flag_clear</name>
         <load_address>0x119c0</load_address>
         <run_address>0x119c0</run_address>
         <size>0x8</size>
         <input_file_ref idref="fl-2"/>
      </object_component>
      <object_component id="oc-56f">
         <name>.text:vout_ctrl_high</name>
         <load_address>0x119c8</load_address>
         <run_address>0x119c8</run_address>
         <size>0x8</size>
         <input_file_ref idref="fl-2"/>
      </object_component>
      <object_component id="oc-55d">
         <name>.text:vout_ctrl_low</name>
         <load_address>0x119d0</load_address>
         <run_address>0x119d0</run_address>
         <size>0x8</size>
         <input_file_ref idref="fl-2"/>
      </object_component>
      <object_component id="oc-487">
         <name>.text:abort</name>
         <load_address>0x119d8</load_address>
         <run_address>0x119d8</run_address>
         <size>0x6</size>
         <input_file_ref idref="fl-50"/>
      </object_component>
      <object_component id="oc-3d8">
         <name>.text:_system_pre_init</name>
         <load_address>0x119de</load_address>
         <run_address>0x119de</run_address>
         <size>0x4</size>
         <input_file_ref idref="fl-4c"/>
      </object_component>
      <object_component id="oc-593">
         <name>.text:_system_post_cinit</name>
         <load_address>0x119e2</load_address>
         <run_address>0x119e2</run_address>
         <size>0x2</size>
         <input_file_ref idref="fl-4d"/>
      </object_component>
      <object_component id="oc-34e">
         <name>.text:_isr:USCI_A2_ISR</name>
         <load_address>0x5c00</load_address>
         <run_address>0x5c00</run_address>
         <size>0x6e</size>
         <input_file_ref idref="fl-5"/>
      </object_component>
      <object_component id="oc-354">
         <name>.text:_isr:TIMER0_A0_ISR</name>
         <load_address>0x5c6e</load_address>
         <run_address>0x5c6e</run_address>
         <size>0x26</size>
         <input_file_ref idref="fl-6"/>
      </object_component>
      <object_component id="oc-372">
         <name>.text:_isr:_c_int00_noargs</name>
         <load_address>0x5c94</load_address>
         <run_address>0x5c94</run_address>
         <size>0x1c</size>
         <input_file_ref idref="fl-47"/>
      </object_component>
      <object_component id="oc-35a">
         <name>.text:_isr:USCI_B0_ISR</name>
         <load_address>0x5cb0</load_address>
         <run_address>0x5cb0</run_address>
         <size>0x18</size>
         <input_file_ref idref="fl-7"/>
      </object_component>
      <object_component id="oc-348">
         <name>.text:_isr:USCI_B2_ISR</name>
         <load_address>0x5cc8</load_address>
         <run_address>0x5cc8</run_address>
         <size>0x18</size>
         <input_file_ref idref="fl-7"/>
      </object_component>
      <object_component id="oc-343">
         <name>.text:_isr:__TI_ISR_TRAP</name>
         <load_address>0x5ce0</load_address>
         <run_address>0x5ce0</run_address>
         <size>0x8</size>
         <input_file_ref idref="fl-41"/>
      </object_component>
      <object_component id="oc-6a8">
         <name>.cinit..data.load</name>
         <load_address>0x5d20</load_address>
         <run_address>0x5d20</run_address>
         <size>0x13</size>
      </object_component>
      <object_component id="oc-6a5">
         <name>__TI_handler_table</name>
         <load_address>0x5d34</load_address>
         <run_address>0x5d34</run_address>
         <size>0xc</size>
      </object_component>
      <object_component id="oc-6a7">
         <name>.cinit..bss.load</name>
         <load_address>0x5d40</load_address>
         <run_address>0x5d40</run_address>
         <size>0x6</size>
      </object_component>
      <object_component id="oc-6a6">
         <name>__TI_cinit_table</name>
         <load_address>0x5d46</load_address>
         <run_address>0x5d46</run_address>
         <size>0x10</size>
      </object_component>
      <object_component id="oc-43a">
         <name>.const:g_i2c_ucb0</name>
         <load_address>0x5ce8</load_address>
         <run_address>0x5ce8</run_address>
         <size>0x1c</size>
         <input_file_ref idref="fl-7"/>
      </object_component>
      <object_component id="oc-403">
         <name>.const:g_i2c_ucb2</name>
         <load_address>0x5d04</load_address>
         <run_address>0x5d04</run_address>
         <size>0x1c</size>
         <input_file_ref idref="fl-7"/>
      </object_component>
      <object_component id="oc-637">
         <name>.binit</name>
         <load_address>0x5c00</load_address>
         <run_address>0x5c00</run_address>
         <size>0x0</size>
      </object_component>
      <object_component id="oc-79">
         <name>.int41</name>
         <load_address>0xffd2</load_address>
         <run_address>0xffd2</run_address>
         <size>0x2</size>
         <input_file_ref idref="fl-2f"/>
      </object_component>
      <object_component id="oc-7a">
         <name>.int42</name>
         <load_address>0xffd4</load_address>
         <run_address>0xffd4</run_address>
         <size>0x2</size>
         <input_file_ref idref="fl-30"/>
      </object_component>
      <object_component id="oc-7b">
         <name>.int43</name>
         <load_address>0xffd6</load_address>
         <run_address>0xffd6</run_address>
         <size>0x2</size>
         <input_file_ref idref="fl-31"/>
      </object_component>
      <object_component id="oc-7c">
         <name>.int44</name>
         <load_address>0xffd8</load_address>
         <run_address>0xffd8</run_address>
         <size>0x2</size>
         <input_file_ref idref="fl-32"/>
      </object_component>
      <object_component id="oc-7d">
         <name>.int45</name>
         <load_address>0xffda</load_address>
         <run_address>0xffda</run_address>
         <size>0x2</size>
         <input_file_ref idref="fl-33"/>
      </object_component>
      <object_component id="oc-7e">
         <name>.int46</name>
         <load_address>0xffdc</load_address>
         <run_address>0xffdc</run_address>
         <size>0x2</size>
         <input_file_ref idref="fl-34"/>
      </object_component>
      <object_component id="oc-7f">
         <name>.int47</name>
         <load_address>0xffde</load_address>
         <run_address>0xffde</run_address>
         <size>0x2</size>
         <input_file_ref idref="fl-35"/>
      </object_component>
      <object_component id="oc-80">
         <name>.int48</name>
         <load_address>0xffe0</load_address>
         <run_address>0xffe0</run_address>
         <size>0x2</size>
         <input_file_ref idref="fl-36"/>
      </object_component>
      <object_component id="oc-81">
         <name>.int49</name>
         <load_address>0xffe2</load_address>
         <run_address>0xffe2</run_address>
         <size>0x2</size>
         <input_file_ref idref="fl-37"/>
      </object_component>
      <object_component id="oc-82">
         <name>.int50</name>
         <load_address>0xffe4</load_address>
         <run_address>0xffe4</run_address>
         <size>0x2</size>
         <input_file_ref idref="fl-38"/>
      </object_component>
      <object_component id="oc-83">
         <name>.int51</name>
         <load_address>0xffe6</load_address>
         <run_address>0xffe6</run_address>
         <size>0x2</size>
         <input_file_ref idref="fl-7"/>
      </object_component>
      <object_component id="oc-84">
         <name>.int52</name>
         <load_address>0xffe8</load_address>
         <run_address>0xffe8</run_address>
         <size>0x2</size>
         <input_file_ref idref="fl-5"/>
      </object_component>
      <object_component id="oc-85">
         <name>.int53</name>
         <load_address>0xffea</load_address>
         <run_address>0xffea</run_address>
         <size>0x2</size>
         <input_file_ref idref="fl-39"/>
      </object_component>
      <object_component id="oc-86">
         <name>.int54</name>
         <load_address>0xffec</load_address>
         <run_address>0xffec</run_address>
         <size>0x2</size>
         <input_file_ref idref="fl-6"/>
      </object_component>
      <object_component id="oc-87">
         <name>.int55</name>
         <load_address>0xffee</load_address>
         <run_address>0xffee</run_address>
         <size>0x2</size>
         <input_file_ref idref="fl-3a"/>
      </object_component>
      <object_component id="oc-88">
         <name>.int56</name>
         <load_address>0xfff0</load_address>
         <run_address>0xfff0</run_address>
         <size>0x2</size>
         <input_file_ref idref="fl-7"/>
      </object_component>
      <object_component id="oc-89">
         <name>.int57</name>
         <load_address>0xfff2</load_address>
         <run_address>0xfff2</run_address>
         <size>0x2</size>
         <input_file_ref idref="fl-3b"/>
      </object_component>
      <object_component id="oc-8a">
         <name>.int58</name>
         <load_address>0xfff4</load_address>
         <run_address>0xfff4</run_address>
         <size>0x2</size>
         <input_file_ref idref="fl-3c"/>
      </object_component>
      <object_component id="oc-8b">
         <name>.int59</name>
         <load_address>0xfff6</load_address>
         <run_address>0xfff6</run_address>
         <size>0x2</size>
         <input_file_ref idref="fl-3d"/>
      </object_component>
      <object_component id="oc-8c">
         <name>.int60</name>
         <load_address>0xfff8</load_address>
         <run_address>0xfff8</run_address>
         <size>0x2</size>
         <input_file_ref idref="fl-3e"/>
      </object_component>
      <object_component id="oc-8d">
         <name>.int61</name>
         <load_address>0xfffa</load_address>
         <run_address>0xfffa</run_address>
         <size>0x2</size>
         <input_file_ref idref="fl-3f"/>
      </object_component>
      <object_component id="oc-8e">
         <name>.int62</name>
         <load_address>0xfffc</load_address>
         <run_address>0xfffc</run_address>
         <size>0x2</size>
         <input_file_ref idref="fl-40"/>
      </object_component>
      <object_component id="oc-32a">
         <name>.reset</name>
         <load_address>0xfffe</load_address>
         <run_address>0xfffe</run_address>
         <size>0x2</size>
         <input_file_ref idref="fl-47"/>
      </object_component>
      <object_component id="oc-42f">
         <name>.debug_info</name>
         <load_address>0x0</load_address>
         <run_address>0x0</run_address>
         <size>0x4d3</size>
         <input_file_ref idref="fl-2"/>
      </object_component>
      <object_component id="oc-3c6">
         <name>.debug_info</name>
         <load_address>0x4d3</load_address>
         <run_address>0x4d3</run_address>
         <size>0x199</size>
         <input_file_ref idref="fl-2"/>
      </object_component>
      <object_component id="oc-55b">
         <name>.debug_info</name>
         <load_address>0x66c</load_address>
         <run_address>0x66c</run_address>
         <size>0xce</size>
         <input_file_ref idref="fl-2"/>
      </object_component>
      <object_component id="oc-55e">
         <name>.debug_info</name>
         <load_address>0x73a</load_address>
         <run_address>0x73a</run_address>
         <size>0xf9</size>
         <input_file_ref idref="fl-2"/>
      </object_component>
      <object_component id="oc-564">
         <name>.debug_info</name>
         <load_address>0x833</load_address>
         <run_address>0x833</run_address>
         <size>0x101</size>
         <input_file_ref idref="fl-2"/>
      </object_component>
      <object_component id="oc-56a">
         <name>.debug_info</name>
         <load_address>0x934</load_address>
         <run_address>0x934</run_address>
         <size>0x103</size>
         <input_file_ref idref="fl-2"/>
      </object_component>
      <object_component id="oc-570">
         <name>.debug_info</name>
         <load_address>0xa37</load_address>
         <run_address>0xa37</run_address>
         <size>0xfb</size>
         <input_file_ref idref="fl-2"/>
      </object_component>
      <object_component id="oc-576">
         <name>.debug_info</name>
         <load_address>0xb32</load_address>
         <run_address>0xb32</run_address>
         <size>0xff</size>
         <input_file_ref idref="fl-2"/>
      </object_component>
      <object_component id="oc-57c">
         <name>.debug_info</name>
         <load_address>0xc31</load_address>
         <run_address>0xc31</run_address>
         <size>0x149</size>
         <input_file_ref idref="fl-2"/>
      </object_component>
      <object_component id="oc-3c3">
         <name>.debug_info</name>
         <load_address>0xd7a</load_address>
         <run_address>0xd7a</run_address>
         <size>0x7bb</size>
         <input_file_ref idref="fl-2"/>
      </object_component>
      <object_component id="oc-3df">
         <name>.debug_info</name>
         <load_address>0x1535</load_address>
         <run_address>0x1535</run_address>
         <size>0x201</size>
         <input_file_ref idref="fl-2"/>
      </object_component>
      <object_component id="oc-4c9">
         <name>.debug_info</name>
         <load_address>0x1736</load_address>
         <run_address>0x1736</run_address>
         <size>0x106</size>
         <input_file_ref idref="fl-2"/>
      </object_component>
      <object_component id="oc-4d8">
         <name>.debug_info</name>
         <load_address>0x183c</load_address>
         <run_address>0x183c</run_address>
         <size>0x63</size>
         <input_file_ref idref="fl-2"/>
      </object_component>
      <object_component id="oc-432">
         <name>.debug_info</name>
         <load_address>0x189f</load_address>
         <run_address>0x189f</run_address>
         <size>0x75</size>
         <input_file_ref idref="fl-2"/>
      </object_component>
      <object_component id="oc-4dd">
         <name>.debug_info</name>
         <load_address>0x1914</load_address>
         <run_address>0x1914</run_address>
         <size>0x1e0</size>
         <input_file_ref idref="fl-2"/>
      </object_component>
      <object_component id="oc-422">
         <name>.debug_info</name>
         <load_address>0x1af4</load_address>
         <run_address>0x1af4</run_address>
         <size>0x26b</size>
         <input_file_ref idref="fl-2"/>
      </object_component>
      <object_component id="oc-427">
         <name>.debug_info</name>
         <load_address>0x1d5f</load_address>
         <run_address>0x1d5f</run_address>
         <size>0x11a</size>
         <input_file_ref idref="fl-2"/>
      </object_component>
      <object_component id="oc-331">
         <name>.debug_info</name>
         <load_address>0x1e79</load_address>
         <run_address>0x1e79</run_address>
         <size>0x84</size>
         <input_file_ref idref="fl-2"/>
      </object_component>
      <object_component id="oc-4d1">
         <name>.debug_info</name>
         <load_address>0x1efd</load_address>
         <run_address>0x1efd</run_address>
         <size>0x282</size>
         <input_file_ref idref="fl-2"/>
      </object_component>
      <object_component id="oc-41b">
         <name>.debug_info</name>
         <load_address>0x217f</load_address>
         <run_address>0x217f</run_address>
         <size>0xbb</size>
         <input_file_ref idref="fl-2"/>
      </object_component>
      <object_component id="oc-5e9">
         <name>.debug_info</name>
         <load_address>0x223a</load_address>
         <run_address>0x223a</run_address>
         <size>0x1f1</size>
         <input_file_ref idref="fl-3"/>
      </object_component>
      <object_component id="oc-5e5">
         <name>.debug_info</name>
         <load_address>0x242b</load_address>
         <run_address>0x242b</run_address>
         <size>0x134</size>
         <input_file_ref idref="fl-3"/>
      </object_component>
      <object_component id="oc-544">
         <name>.debug_info</name>
         <load_address>0x255f</load_address>
         <run_address>0x255f</run_address>
         <size>0x172</size>
         <input_file_ref idref="fl-3"/>
      </object_component>
      <object_component id="oc-555">
         <name>.debug_info</name>
         <load_address>0x26d1</load_address>
         <run_address>0x26d1</run_address>
         <size>0x16f</size>
         <input_file_ref idref="fl-3"/>
      </object_component>
      <object_component id="oc-468">
         <name>.debug_info</name>
         <load_address>0x2840</load_address>
         <run_address>0x2840</run_address>
         <size>0x10e</size>
         <input_file_ref idref="fl-3"/>
      </object_component>
      <object_component id="oc-44f">
         <name>.debug_info</name>
         <load_address>0x294e</load_address>
         <run_address>0x294e</run_address>
         <size>0x107</size>
         <input_file_ref idref="fl-4"/>
      </object_component>
      <object_component id="oc-3b9">
         <name>.debug_info</name>
         <load_address>0x2a55</load_address>
         <run_address>0x2a55</run_address>
         <size>0x343</size>
         <input_file_ref idref="fl-5"/>
      </object_component>
      <object_component id="oc-350">
         <name>.debug_info</name>
         <load_address>0x2d98</load_address>
         <run_address>0x2d98</run_address>
         <size>0x11b</size>
         <input_file_ref idref="fl-5"/>
      </object_component>
      <object_component id="oc-505">
         <name>.debug_info</name>
         <load_address>0x2eb3</load_address>
         <run_address>0x2eb3</run_address>
         <size>0x1f4</size>
         <input_file_ref idref="fl-5"/>
      </object_component>
      <object_component id="oc-514">
         <name>.debug_info</name>
         <load_address>0x30a7</load_address>
         <run_address>0x30a7</run_address>
         <size>0x12c</size>
         <input_file_ref idref="fl-5"/>
      </object_component>
      <object_component id="oc-456">
         <name>.debug_info</name>
         <load_address>0x31d3</load_address>
         <run_address>0x31d3</run_address>
         <size>0x120</size>
         <input_file_ref idref="fl-5"/>
      </object_component>
      <object_component id="oc-439">
         <name>.debug_info</name>
         <load_address>0x32f3</load_address>
         <run_address>0x32f3</run_address>
         <size>0x3a3</size>
         <input_file_ref idref="fl-6"/>
      </object_component>
      <object_component id="oc-3c9">
         <name>.debug_info</name>
         <load_address>0x3696</load_address>
         <run_address>0x3696</run_address>
         <size>0xea</size>
         <input_file_ref idref="fl-6"/>
      </object_component>
      <object_component id="oc-356">
         <name>.debug_info</name>
         <load_address>0x3780</load_address>
         <run_address>0x3780</run_address>
         <size>0x139</size>
         <input_file_ref idref="fl-6"/>
      </object_component>
      <object_component id="oc-44b">
         <name>.debug_info</name>
         <load_address>0x38b9</load_address>
         <run_address>0x38b9</run_address>
         <size>0x12f</size>
         <input_file_ref idref="fl-6"/>
      </object_component>
      <object_component id="oc-444">
         <name>.debug_info</name>
         <load_address>0x39e8</load_address>
         <run_address>0x39e8</run_address>
         <size>0x12f</size>
         <input_file_ref idref="fl-6"/>
      </object_component>
      <object_component id="oc-41a">
         <name>.debug_info</name>
         <load_address>0x3b17</load_address>
         <run_address>0x3b17</run_address>
         <size>0x585</size>
         <input_file_ref idref="fl-7"/>
      </object_component>
      <object_component id="oc-43b">
         <name>.debug_info</name>
         <load_address>0x409c</load_address>
         <run_address>0x409c</run_address>
         <size>0xd4</size>
         <input_file_ref idref="fl-7"/>
      </object_component>
      <object_component id="oc-404">
         <name>.debug_info</name>
         <load_address>0x4170</load_address>
         <run_address>0x4170</run_address>
         <size>0xd4</size>
         <input_file_ref idref="fl-7"/>
      </object_component>
      <object_component id="oc-3cd">
         <name>.debug_info</name>
         <load_address>0x4244</load_address>
         <run_address>0x4244</run_address>
         <size>0xd3</size>
         <input_file_ref idref="fl-7"/>
      </object_component>
      <object_component id="oc-3af">
         <name>.debug_info</name>
         <load_address>0x4317</load_address>
         <run_address>0x4317</run_address>
         <size>0xd3</size>
         <input_file_ref idref="fl-7"/>
      </object_component>
      <object_component id="oc-5cf">
         <name>.debug_info</name>
         <load_address>0x43ea</load_address>
         <run_address>0x43ea</run_address>
         <size>0x137</size>
         <input_file_ref idref="fl-7"/>
      </object_component>
      <object_component id="oc-5b5">
         <name>.debug_info</name>
         <load_address>0x4521</load_address>
         <run_address>0x4521</run_address>
         <size>0x1ed</size>
         <input_file_ref idref="fl-7"/>
      </object_component>
      <object_component id="oc-4eb">
         <name>.debug_info</name>
         <load_address>0x470e</load_address>
         <run_address>0x470e</run_address>
         <size>0x169</size>
         <input_file_ref idref="fl-7"/>
      </object_component>
      <object_component id="oc-5bc">
         <name>.debug_info</name>
         <load_address>0x4877</load_address>
         <run_address>0x4877</run_address>
         <size>0x141</size>
         <input_file_ref idref="fl-7"/>
      </object_component>
      <object_component id="oc-4f1">
         <name>.debug_info</name>
         <load_address>0x49b8</load_address>
         <run_address>0x49b8</run_address>
         <size>0x171</size>
         <input_file_ref idref="fl-7"/>
      </object_component>
      <object_component id="oc-5d9">
         <name>.debug_info</name>
         <load_address>0x4b29</load_address>
         <run_address>0x4b29</run_address>
         <size>0x235</size>
         <input_file_ref idref="fl-7"/>
      </object_component>
      <object_component id="oc-534">
         <name>.debug_info</name>
         <load_address>0x4d5e</load_address>
         <run_address>0x4d5e</run_address>
         <size>0x1eb</size>
         <input_file_ref idref="fl-7"/>
      </object_component>
      <object_component id="oc-519">
         <name>.debug_info</name>
         <load_address>0x4f49</load_address>
         <run_address>0x4f49</run_address>
         <size>0x19d</size>
         <input_file_ref idref="fl-7"/>
      </object_component>
      <object_component id="oc-5c5">
         <name>.debug_info</name>
         <load_address>0x50e6</load_address>
         <run_address>0x50e6</run_address>
         <size>0x192</size>
         <input_file_ref idref="fl-7"/>
      </object_component>
      <object_component id="oc-4fe">
         <name>.debug_info</name>
         <load_address>0x5278</load_address>
         <run_address>0x5278</run_address>
         <size>0x200</size>
         <input_file_ref idref="fl-7"/>
      </object_component>
      <object_component id="oc-473">
         <name>.debug_info</name>
         <load_address>0x5478</load_address>
         <run_address>0x5478</run_address>
         <size>0x199</size>
         <input_file_ref idref="fl-7"/>
      </object_component>
      <object_component id="oc-40e">
         <name>.debug_info</name>
         <load_address>0x5611</load_address>
         <run_address>0x5611</run_address>
         <size>0x159</size>
         <input_file_ref idref="fl-7"/>
      </object_component>
      <object_component id="oc-3bd">
         <name>.debug_info</name>
         <load_address>0x576a</load_address>
         <run_address>0x576a</run_address>
         <size>0x164</size>
         <input_file_ref idref="fl-7"/>
      </object_component>
      <object_component id="oc-52e">
         <name>.debug_info</name>
         <load_address>0x58ce</load_address>
         <run_address>0x58ce</run_address>
         <size>0x1a6</size>
         <input_file_ref idref="fl-7"/>
      </object_component>
      <object_component id="oc-461">
         <name>.debug_info</name>
         <load_address>0x5a74</load_address>
         <run_address>0x5a74</run_address>
         <size>0x146</size>
         <input_file_ref idref="fl-7"/>
      </object_component>
      <object_component id="oc-45b">
         <name>.debug_info</name>
         <load_address>0x5bba</load_address>
         <run_address>0x5bba</run_address>
         <size>0x146</size>
         <input_file_ref idref="fl-7"/>
      </object_component>
      <object_component id="oc-414">
         <name>.debug_info</name>
         <load_address>0x5d00</load_address>
         <run_address>0x5d00</run_address>
         <size>0x174</size>
         <input_file_ref idref="fl-7"/>
      </object_component>
      <object_component id="oc-3b2">
         <name>.debug_info</name>
         <load_address>0x5e74</load_address>
         <run_address>0x5e74</run_address>
         <size>0x1b8</size>
         <input_file_ref idref="fl-7"/>
      </object_component>
      <object_component id="oc-349">
         <name>.debug_info</name>
         <load_address>0x602c</load_address>
         <run_address>0x602c</run_address>
         <size>0x126</size>
         <input_file_ref idref="fl-7"/>
      </object_component>
      <object_component id="oc-35b">
         <name>.debug_info</name>
         <load_address>0x6152</load_address>
         <run_address>0x6152</run_address>
         <size>0x126</size>
         <input_file_ref idref="fl-7"/>
      </object_component>
      <object_component id="oc-408">
         <name>.debug_info</name>
         <load_address>0x6278</load_address>
         <run_address>0x6278</run_address>
         <size>0x16a</size>
         <input_file_ref idref="fl-7"/>
      </object_component>
      <object_component id="oc-4fa">
         <name>.debug_info</name>
         <load_address>0x63e2</load_address>
         <run_address>0x63e2</run_address>
         <size>0x483</size>
         <input_file_ref idref="fl-8"/>
      </object_component>
      <object_component id="oc-47f">
         <name>.debug_info</name>
         <load_address>0x6865</load_address>
         <run_address>0x6865</run_address>
         <size>0x518</size>
         <input_file_ref idref="fl-8"/>
      </object_component>
      <object_component id="oc-50b">
         <name>.debug_info</name>
         <load_address>0x6d7d</load_address>
         <run_address>0x6d7d</run_address>
         <size>0x168</size>
         <input_file_ref idref="fl-8"/>
      </object_component>
      <object_component id="oc-479">
         <name>.debug_info</name>
         <load_address>0x6ee5</load_address>
         <run_address>0x6ee5</run_address>
         <size>0x24e</size>
         <input_file_ref idref="fl-8"/>
      </object_component>
      <object_component id="oc-46d">
         <name>.debug_info</name>
         <load_address>0x7133</load_address>
         <run_address>0x7133</run_address>
         <size>0x126</size>
         <input_file_ref idref="fl-8"/>
      </object_component>
      <object_component id="oc-54f">
         <name>.debug_info</name>
         <load_address>0x7259</load_address>
         <run_address>0x7259</run_address>
         <size>0xab</size>
         <input_file_ref idref="fl-8"/>
      </object_component>
      <object_component id="oc-53a">
         <name>.debug_info</name>
         <load_address>0x7304</load_address>
         <run_address>0x7304</run_address>
         <size>0x121</size>
         <input_file_ref idref="fl-29"/>
      </object_component>
      <object_component id="oc-529">
         <name>.debug_info</name>
         <load_address>0x7425</load_address>
         <run_address>0x7425</run_address>
         <size>0x12d</size>
         <input_file_ref idref="fl-2a"/>
      </object_component>
      <object_component id="oc-53f">
         <name>.debug_info</name>
         <load_address>0x7552</load_address>
         <run_address>0x7552</run_address>
         <size>0x121</size>
         <input_file_ref idref="fl-2b"/>
      </object_component>
      <object_component id="oc-51f">
         <name>.debug_info</name>
         <load_address>0x7673</load_address>
         <run_address>0x7673</run_address>
         <size>0x12a</size>
         <input_file_ref idref="fl-2c"/>
      </object_component>
      <object_component id="oc-524">
         <name>.debug_info</name>
         <load_address>0x779d</load_address>
         <run_address>0x779d</run_address>
         <size>0x121</size>
         <input_file_ref idref="fl-2d"/>
      </object_component>
      <object_component id="oc-54a">
         <name>.debug_info</name>
         <load_address>0x78be</load_address>
         <run_address>0x78be</run_address>
         <size>0x124</size>
         <input_file_ref idref="fl-2e"/>
      </object_component>
      <object_component id="oc-344">
         <name>.debug_info</name>
         <load_address>0x79e2</load_address>
         <run_address>0x79e2</run_address>
         <size>0x10f</size>
         <input_file_ref idref="fl-41"/>
      </object_component>
      <object_component id="oc-328">
         <name>.debug_info</name>
         <load_address>0x7af1</load_address>
         <run_address>0x7af1</run_address>
         <size>0x100</size>
         <input_file_ref idref="fl-47"/>
      </object_component>
      <object_component id="oc-376">
         <name>.debug_info</name>
         <load_address>0x7bf1</load_address>
         <run_address>0x7bf1</run_address>
         <size>0x17a</size>
         <input_file_ref idref="fl-47"/>
      </object_component>
      <object_component id="oc-59a">
         <name>.debug_info</name>
         <load_address>0x7d6b</load_address>
         <run_address>0x7d6b</run_address>
         <size>0x3fc</size>
         <input_file_ref idref="fl-48"/>
      </object_component>
      <object_component id="oc-4ad">
         <name>.debug_info</name>
         <load_address>0x8167</load_address>
         <run_address>0x8167</run_address>
         <size>0x230</size>
         <input_file_ref idref="fl-48"/>
      </object_component>
      <object_component id="oc-60b">
         <name>.debug_info</name>
         <load_address>0x8397</load_address>
         <run_address>0x8397</run_address>
         <size>0x39</size>
         <input_file_ref idref="fl-48"/>
      </object_component>
      <object_component id="oc-61c">
         <name>.debug_info</name>
         <load_address>0x83d0</load_address>
         <run_address>0x83d0</run_address>
         <size>0x2c</size>
         <input_file_ref idref="fl-48"/>
      </object_component>
      <object_component id="oc-5a5">
         <name>.debug_info</name>
         <load_address>0x83fc</load_address>
         <run_address>0x83fc</run_address>
         <size>0x2c</size>
         <input_file_ref idref="fl-48"/>
      </object_component>
      <object_component id="oc-610">
         <name>.debug_info</name>
         <load_address>0x8428</load_address>
         <run_address>0x8428</run_address>
         <size>0xcd</size>
         <input_file_ref idref="fl-48"/>
      </object_component>
      <object_component id="oc-3d6">
         <name>.debug_info</name>
         <load_address>0x84f5</load_address>
         <run_address>0x84f5</run_address>
         <size>0x17f</size>
         <input_file_ref idref="fl-49"/>
      </object_component>
      <object_component id="oc-363">
         <name>.debug_info</name>
         <load_address>0x8674</load_address>
         <run_address>0x8674</run_address>
         <size>0x1d7</size>
         <input_file_ref idref="fl-49"/>
      </object_component>
      <object_component id="oc-3d1">
         <name>.debug_info</name>
         <load_address>0x884b</load_address>
         <run_address>0x884b</run_address>
         <size>0x46</size>
         <input_file_ref idref="fl-49"/>
      </object_component>
      <object_component id="oc-3a6">
         <name>.debug_info</name>
         <load_address>0x8891</load_address>
         <run_address>0x8891</run_address>
         <size>0x2c</size>
         <input_file_ref idref="fl-4a"/>
      </object_component>
      <object_component id="oc-3d9">
         <name>.debug_info</name>
         <load_address>0x88bd</load_address>
         <run_address>0x88bd</run_address>
         <size>0x153</size>
         <input_file_ref idref="fl-4c"/>
      </object_component>
      <object_component id="oc-594">
         <name>.debug_info</name>
         <load_address>0x8a10</load_address>
         <run_address>0x8a10</run_address>
         <size>0x150</size>
         <input_file_ref idref="fl-4d"/>
      </object_component>
      <object_component id="oc-342">
         <name>.debug_info</name>
         <load_address>0x8b60</load_address>
         <run_address>0x8b60</run_address>
         <size>0x18f</size>
         <input_file_ref idref="fl-4e"/>
      </object_component>
      <object_component id="oc-75">
         <name>.debug_info</name>
         <load_address>0x8cef</load_address>
         <run_address>0x8cef</run_address>
         <size>0x1d3</size>
         <input_file_ref idref="fl-4e"/>
      </object_component>
      <object_component id="oc-33d">
         <name>.debug_info</name>
         <load_address>0x8ec2</load_address>
         <run_address>0x8ec2</run_address>
         <size>0x46</size>
         <input_file_ref idref="fl-4e"/>
      </object_component>
      <object_component id="oc-3a3">
         <name>.debug_info</name>
         <load_address>0x8f08</load_address>
         <run_address>0x8f08</run_address>
         <size>0x17b</size>
         <input_file_ref idref="fl-4f"/>
      </object_component>
      <object_component id="oc-6f">
         <name>.debug_info</name>
         <load_address>0x9083</load_address>
         <run_address>0x9083</run_address>
         <size>0x250</size>
         <input_file_ref idref="fl-4f"/>
      </object_component>
      <object_component id="oc-32c">
         <name>.debug_info</name>
         <load_address>0x92d3</load_address>
         <run_address>0x92d3</run_address>
         <size>0x60</size>
         <input_file_ref idref="fl-4f"/>
      </object_component>
      <object_component id="oc-3fa">
         <name>.debug_info</name>
         <load_address>0x9333</load_address>
         <run_address>0x9333</run_address>
         <size>0x46</size>
         <input_file_ref idref="fl-4f"/>
      </object_component>
      <object_component id="oc-39e">
         <name>.debug_info</name>
         <load_address>0x9379</load_address>
         <run_address>0x9379</run_address>
         <size>0x39</size>
         <input_file_ref idref="fl-4f"/>
      </object_component>
      <object_component id="oc-48b">
         <name>.debug_info</name>
         <load_address>0x93b2</load_address>
         <run_address>0x93b2</run_address>
         <size>0x122</size>
         <input_file_ref idref="fl-50"/>
      </object_component>
      <object_component id="oc-3a5">
         <name>.debug_info</name>
         <load_address>0x94d4</load_address>
         <run_address>0x94d4</run_address>
         <size>0x19a</size>
         <input_file_ref idref="fl-53"/>
      </object_component>
      <object_component id="oc-339">
         <name>.debug_info</name>
         <load_address>0x966e</load_address>
         <run_address>0x966e</run_address>
         <size>0x17a</size>
         <input_file_ref idref="fl-53"/>
      </object_component>
      <object_component id="oc-6ac">
         <name>.debug_info</name>
         <load_address>0x97e8</load_address>
         <run_address>0x97e8</run_address>
         <size>0x95</size>
      </object_component>
      <object_component id="oc-4d7">
         <name>.debug_line</name>
         <load_address>0x0</load_address>
         <run_address>0x0</run_address>
         <size>0xe8</size>
         <input_file_ref idref="fl-2"/>
      </object_component>
      <object_component id="oc-431">
         <name>.debug_line</name>
         <load_address>0xe8</load_address>
         <run_address>0xe8</run_address>
         <size>0x2d</size>
         <input_file_ref idref="fl-2"/>
      </object_component>
      <object_component id="oc-5ed">
         <name>.debug_line</name>
         <load_address>0x115</load_address>
         <run_address>0x115</run_address>
         <size>0x2d</size>
         <input_file_ref idref="fl-2"/>
      </object_component>
      <object_component id="oc-562">
         <name>.debug_line</name>
         <load_address>0x142</load_address>
         <run_address>0x142</run_address>
         <size>0x40</size>
         <input_file_ref idref="fl-2"/>
      </object_component>
      <object_component id="oc-567">
         <name>.debug_line</name>
         <load_address>0x182</load_address>
         <run_address>0x182</run_address>
         <size>0x40</size>
         <input_file_ref idref="fl-2"/>
      </object_component>
      <object_component id="oc-56e">
         <name>.debug_line</name>
         <load_address>0x1c2</load_address>
         <run_address>0x1c2</run_address>
         <size>0x42</size>
         <input_file_ref idref="fl-2"/>
      </object_component>
      <object_component id="oc-573">
         <name>.debug_line</name>
         <load_address>0x204</load_address>
         <run_address>0x204</run_address>
         <size>0x40</size>
         <input_file_ref idref="fl-2"/>
      </object_component>
      <object_component id="oc-57a">
         <name>.debug_line</name>
         <load_address>0x244</load_address>
         <run_address>0x244</run_address>
         <size>0x40</size>
         <input_file_ref idref="fl-2"/>
      </object_component>
      <object_component id="oc-57f">
         <name>.debug_line</name>
         <load_address>0x284</load_address>
         <run_address>0x284</run_address>
         <size>0x4b</size>
         <input_file_ref idref="fl-2"/>
      </object_component>
      <object_component id="oc-42e">
         <name>.debug_line</name>
         <load_address>0x2cf</load_address>
         <run_address>0x2cf</run_address>
         <size>0x174</size>
         <input_file_ref idref="fl-2"/>
      </object_component>
      <object_component id="oc-3e2">
         <name>.debug_line</name>
         <load_address>0x443</load_address>
         <run_address>0x443</run_address>
         <size>0x54</size>
         <input_file_ref idref="fl-2"/>
      </object_component>
      <object_component id="oc-4cc">
         <name>.debug_line</name>
         <load_address>0x497</load_address>
         <run_address>0x497</run_address>
         <size>0x38</size>
         <input_file_ref idref="fl-2"/>
      </object_component>
      <object_component id="oc-4db">
         <name>.debug_line</name>
         <load_address>0x4cf</load_address>
         <run_address>0x4cf</run_address>
         <size>0x38</size>
         <input_file_ref idref="fl-2"/>
      </object_component>
      <object_component id="oc-435">
         <name>.debug_line</name>
         <load_address>0x507</load_address>
         <run_address>0x507</run_address>
         <size>0x2d</size>
         <input_file_ref idref="fl-2"/>
      </object_component>
      <object_component id="oc-4e0">
         <name>.debug_line</name>
         <load_address>0x534</load_address>
         <run_address>0x534</run_address>
         <size>0x39</size>
         <input_file_ref idref="fl-2"/>
      </object_component>
      <object_component id="oc-425">
         <name>.debug_line</name>
         <load_address>0x56d</load_address>
         <run_address>0x56d</run_address>
         <size>0x6b</size>
         <input_file_ref idref="fl-2"/>
      </object_component>
      <object_component id="oc-42a">
         <name>.debug_line</name>
         <load_address>0x5d8</load_address>
         <run_address>0x5d8</run_address>
         <size>0x3a</size>
         <input_file_ref idref="fl-2"/>
      </object_component>
      <object_component id="oc-334">
         <name>.debug_line</name>
         <load_address>0x612</load_address>
         <run_address>0x612</run_address>
         <size>0x20</size>
         <input_file_ref idref="fl-2"/>
      </object_component>
      <object_component id="oc-4d4">
         <name>.debug_line</name>
         <load_address>0x632</load_address>
         <run_address>0x632</run_address>
         <size>0x6f</size>
         <input_file_ref idref="fl-2"/>
      </object_component>
      <object_component id="oc-41e">
         <name>.debug_line</name>
         <load_address>0x6a1</load_address>
         <run_address>0x6a1</run_address>
         <size>0x6c</size>
         <input_file_ref idref="fl-2"/>
      </object_component>
      <object_component id="oc-628">
         <name>.debug_line</name>
         <load_address>0x70d</load_address>
         <run_address>0x70d</run_address>
         <size>0x55</size>
         <input_file_ref idref="fl-3"/>
      </object_component>
      <object_component id="oc-5e3">
         <name>.debug_line</name>
         <load_address>0x762</load_address>
         <run_address>0x762</run_address>
         <size>0x52</size>
         <input_file_ref idref="fl-3"/>
      </object_component>
      <object_component id="oc-547">
         <name>.debug_line</name>
         <load_address>0x7b4</load_address>
         <run_address>0x7b4</run_address>
         <size>0x5f</size>
         <input_file_ref idref="fl-3"/>
      </object_component>
      <object_component id="oc-559">
         <name>.debug_line</name>
         <load_address>0x813</load_address>
         <run_address>0x813</run_address>
         <size>0x4d</size>
         <input_file_ref idref="fl-3"/>
      </object_component>
      <object_component id="oc-46a">
         <name>.debug_line</name>
         <load_address>0x860</load_address>
         <run_address>0x860</run_address>
         <size>0x51</size>
         <input_file_ref idref="fl-3"/>
      </object_component>
      <object_component id="oc-452">
         <name>.debug_line</name>
         <load_address>0x8b1</load_address>
         <run_address>0x8b1</run_address>
         <size>0x7e</size>
         <input_file_ref idref="fl-4"/>
      </object_component>
      <object_component id="oc-421">
         <name>.debug_line</name>
         <load_address>0x92f</load_address>
         <run_address>0x92f</run_address>
         <size>0x6e</size>
         <input_file_ref idref="fl-5"/>
      </object_component>
      <object_component id="oc-34f">
         <name>.debug_line</name>
         <load_address>0x99d</load_address>
         <run_address>0x99d</run_address>
         <size>0x6a</size>
         <input_file_ref idref="fl-5"/>
      </object_component>
      <object_component id="oc-508">
         <name>.debug_line</name>
         <load_address>0xa07</load_address>
         <run_address>0xa07</run_address>
         <size>0x6f</size>
         <input_file_ref idref="fl-5"/>
      </object_component>
      <object_component id="oc-513">
         <name>.debug_line</name>
         <load_address>0xa76</load_address>
         <run_address>0xa76</run_address>
         <size>0x55</size>
         <input_file_ref idref="fl-5"/>
      </object_component>
      <object_component id="oc-458">
         <name>.debug_line</name>
         <load_address>0xacb</load_address>
         <run_address>0xacb</run_address>
         <size>0x57</size>
         <input_file_ref idref="fl-5"/>
      </object_component>
      <object_component id="oc-4e3">
         <name>.debug_line</name>
         <load_address>0xb22</load_address>
         <run_address>0xb22</run_address>
         <size>0xb5</size>
         <input_file_ref idref="fl-6"/>
      </object_component>
      <object_component id="oc-438">
         <name>.debug_line</name>
         <load_address>0xbd7</load_address>
         <run_address>0xbd7</run_address>
         <size>0x3a</size>
         <input_file_ref idref="fl-6"/>
      </object_component>
      <object_component id="oc-359">
         <name>.debug_line</name>
         <load_address>0xc11</load_address>
         <run_address>0xc11</run_address>
         <size>0x56</size>
         <input_file_ref idref="fl-6"/>
      </object_component>
      <object_component id="oc-44d">
         <name>.debug_line</name>
         <load_address>0xc67</load_address>
         <run_address>0xc67</run_address>
         <size>0x4f</size>
         <input_file_ref idref="fl-6"/>
      </object_component>
      <object_component id="oc-447">
         <name>.debug_line</name>
         <load_address>0xcb6</load_address>
         <run_address>0xcb6</run_address>
         <size>0x5a</size>
         <input_file_ref idref="fl-6"/>
      </object_component>
      <object_component id="oc-4d0">
         <name>.debug_line</name>
         <load_address>0xd10</load_address>
         <run_address>0xd10</run_address>
         <size>0x55</size>
         <input_file_ref idref="fl-7"/>
      </object_component>
      <object_component id="oc-4e5">
         <name>.debug_line</name>
         <load_address>0xd65</load_address>
         <run_address>0xd65</run_address>
         <size>0x37</size>
         <input_file_ref idref="fl-7"/>
      </object_component>
      <object_component id="oc-4c7">
         <name>.debug_line</name>
         <load_address>0xd9c</load_address>
         <run_address>0xd9c</run_address>
         <size>0x37</size>
         <input_file_ref idref="fl-7"/>
      </object_component>
      <object_component id="oc-43e">
         <name>.debug_line</name>
         <load_address>0xdd3</load_address>
         <run_address>0xdd3</run_address>
         <size>0x37</size>
         <input_file_ref idref="fl-7"/>
      </object_component>
      <object_component id="oc-407">
         <name>.debug_line</name>
         <load_address>0xe0a</load_address>
         <run_address>0xe0a</run_address>
         <size>0x37</size>
         <input_file_ref idref="fl-7"/>
      </object_component>
      <object_component id="oc-5d3">
         <name>.debug_line</name>
         <load_address>0xe41</load_address>
         <run_address>0xe41</run_address>
         <size>0x4c</size>
         <input_file_ref idref="fl-7"/>
      </object_component>
      <object_component id="oc-5b8">
         <name>.debug_line</name>
         <load_address>0xe8d</load_address>
         <run_address>0xe8d</run_address>
         <size>0x65</size>
         <input_file_ref idref="fl-7"/>
      </object_component>
      <object_component id="oc-4ee">
         <name>.debug_line</name>
         <load_address>0xef2</load_address>
         <run_address>0xef2</run_address>
         <size>0x54</size>
         <input_file_ref idref="fl-7"/>
      </object_component>
      <object_component id="oc-5bf">
         <name>.debug_line</name>
         <load_address>0xf46</load_address>
         <run_address>0xf46</run_address>
         <size>0x56</size>
         <input_file_ref idref="fl-7"/>
      </object_component>
      <object_component id="oc-4f4">
         <name>.debug_line</name>
         <load_address>0xf9c</load_address>
         <run_address>0xf9c</run_address>
         <size>0x62</size>
         <input_file_ref idref="fl-7"/>
      </object_component>
      <object_component id="oc-5dd">
         <name>.debug_line</name>
         <load_address>0xffe</load_address>
         <run_address>0xffe</run_address>
         <size>0x78</size>
         <input_file_ref idref="fl-7"/>
      </object_component>
      <object_component id="oc-538">
         <name>.debug_line</name>
         <load_address>0x1076</load_address>
         <run_address>0x1076</run_address>
         <size>0x5b</size>
         <input_file_ref idref="fl-7"/>
      </object_component>
      <object_component id="oc-51d">
         <name>.debug_line</name>
         <load_address>0x10d1</load_address>
         <run_address>0x10d1</run_address>
         <size>0x6b</size>
         <input_file_ref idref="fl-7"/>
      </object_component>
      <object_component id="oc-5c9">
         <name>.debug_line</name>
         <load_address>0x113c</load_address>
         <run_address>0x113c</run_address>
         <size>0x56</size>
         <input_file_ref idref="fl-7"/>
      </object_component>
      <object_component id="oc-502">
         <name>.debug_line</name>
         <load_address>0x1192</load_address>
         <run_address>0x1192</run_address>
         <size>0x50</size>
         <input_file_ref idref="fl-7"/>
      </object_component>
      <object_component id="oc-477">
         <name>.debug_line</name>
         <load_address>0x11e2</load_address>
         <run_address>0x11e2</run_address>
         <size>0x4d</size>
         <input_file_ref idref="fl-7"/>
      </object_component>
      <object_component id="oc-411">
         <name>.debug_line</name>
         <load_address>0x122f</load_address>
         <run_address>0x122f</run_address>
         <size>0x51</size>
         <input_file_ref idref="fl-7"/>
      </object_component>
      <object_component id="oc-3c0">
         <name>.debug_line</name>
         <load_address>0x1280</load_address>
         <run_address>0x1280</run_address>
         <size>0x62</size>
         <input_file_ref idref="fl-7"/>
      </object_component>
      <object_component id="oc-532">
         <name>.debug_line</name>
         <load_address>0x12e2</load_address>
         <run_address>0x12e2</run_address>
         <size>0x4d</size>
         <input_file_ref idref="fl-7"/>
      </object_component>
      <object_component id="oc-464">
         <name>.debug_line</name>
         <load_address>0x132f</load_address>
         <run_address>0x132f</run_address>
         <size>0x4f</size>
         <input_file_ref idref="fl-7"/>
      </object_component>
      <object_component id="oc-45e">
         <name>.debug_line</name>
         <load_address>0x137e</load_address>
         <run_address>0x137e</run_address>
         <size>0x4f</size>
         <input_file_ref idref="fl-7"/>
      </object_component>
      <object_component id="oc-417">
         <name>.debug_line</name>
         <load_address>0x13cd</load_address>
         <run_address>0x13cd</run_address>
         <size>0x68</size>
         <input_file_ref idref="fl-7"/>
      </object_component>
      <object_component id="oc-3b5">
         <name>.debug_line</name>
         <load_address>0x1435</load_address>
         <run_address>0x1435</run_address>
         <size>0x8b</size>
         <input_file_ref idref="fl-7"/>
      </object_component>
      <object_component id="oc-34c">
         <name>.debug_line</name>
         <load_address>0x14c0</load_address>
         <run_address>0x14c0</run_address>
         <size>0x4e</size>
         <input_file_ref idref="fl-7"/>
      </object_component>
      <object_component id="oc-35e">
         <name>.debug_line</name>
         <load_address>0x150e</load_address>
         <run_address>0x150e</run_address>
         <size>0x4e</size>
         <input_file_ref idref="fl-7"/>
      </object_component>
      <object_component id="oc-40b">
         <name>.debug_line</name>
         <load_address>0x155c</load_address>
         <run_address>0x155c</run_address>
         <size>0x37</size>
         <input_file_ref idref="fl-7"/>
      </object_component>
      <object_component id="oc-5c3">
         <name>.debug_line</name>
         <load_address>0x1593</load_address>
         <run_address>0x1593</run_address>
         <size>0xd5</size>
         <input_file_ref idref="fl-8"/>
      </object_component>
      <object_component id="oc-483">
         <name>.debug_line</name>
         <load_address>0x1668</load_address>
         <run_address>0x1668</run_address>
         <size>0x1a6</size>
         <input_file_ref idref="fl-8"/>
      </object_component>
      <object_component id="oc-50e">
         <name>.debug_line</name>
         <load_address>0x180e</load_address>
         <run_address>0x180e</run_address>
         <size>0x65</size>
         <input_file_ref idref="fl-8"/>
[...]
         <value>0x65e</value>
      </symbol>
      <symbol id="sm-25c">
         <name>UCB2CTLW0</name>
         <value>0x660</value>
      </symbol>
      <symbol id="sm-25d">
         <name>UCB2CTLW0_L</name>
         <value>0x660</value>
      </symbol>
      <symbol id="sm-25e">
         <name>UCB2CTLW0_H</name>
         <value>0x661</value>
      </symbol>
      <symbol id="sm-25f">
         <name>UCB2BRW</name>
         <value>0x666</value>
      </symbol>
      <symbol id="sm-260">
         <name>UCB2BRW_L</name>
         <value>0x666</value>
      </symbol>
      <symbol id="sm-261">
         <name>UCB2BRW_H</name>
         <value>0x667</value>
      </symbol>
      <symbol id="sm-262">
         <name>UCB2STAT</name>
         <value>0x66a</value>
      </symbol>
      <symbol id="sm-263">
         <name>UCB2RXBUF</name>
         <value>0x66c</value>
      </symbol>
      <symbol id="sm-264">
         <name>UCB2TXBUF</name>
         <value>0x66e</value>
      </symbol>
      <symbol id="sm-265">
         <name>UCB2I2COA</name>
         <value>0x670</value>
      </symbol>
      <symbol id="sm-266">
         <name>UCB2I2COA_L</name>
         <value>0x670</value>
      </symbol>
      <symbol id="sm-267">
         <name>UCB2I2COA_H</name>
         <value>0x671</value>
      </symbol>
      <symbol id="sm-268">
         <name>UCB2I2CSA</name>
         <value>0x672</value>
      </symbol>
      <symbol id="sm-269">
         <name>UCB2I2CSA_L</name>
         <value>0x672</value>
      </symbol>
      <symbol id="sm-26a">
         <name>UCB2I2CSA_H</name>
         <value>0x673</value>
      </symbol>
      <symbol id="sm-26b">
         <name>UCB2ICTL</name>
         <value>0x67c</value>
      </symbol>
      <symbol id="sm-26c">
         <name>UCB2ICTL_L</name>
         <value>0x67c</value>
      </symbol>
      <symbol id="sm-26d">
         <name>UCB2ICTL_H</name>
         <value>0x67d</value>
      </symbol>
      <symbol id="sm-26e">
         <name>UCB2IV</name>
         <value>0x67e</value>
      </symbol>
      <symbol id="sm-26f">
         <name>UCA3CTLW0</name>
         <value>0x680</value>
      </symbol>
      <symbol id="sm-270">
         <name>UCA3CTLW0_L</name>
         <value>0x680</value>
      </symbol>
      <symbol id="sm-271">
         <name>UCA3CTLW0_H</name>
         <value>0x681</value>
      </symbol>
      <symbol id="sm-272">
         <name>UCA3BRW</name>
         <value>0x686</value>
      </symbol>
      <symbol id="sm-273">
         <name>UCA3BRW_L</name>
         <value>0x686</value>
      </symbol>
      <symbol id="sm-274">
         <name>UCA3BRW_H</name>
         <value>0x687</value>
      </symbol>
      <symbol id="sm-275">
         <name>UCA3MCTL</name>
         <value>0x688</value>
      </symbol>
      <symbol id="sm-276">
         <name>UCA3STAT</name>
         <value>0x68a</value>
      </symbol>
      <symbol id="sm-277">
         <name>UCA3RXBUF</name>
         <value>0x68c</value>
      </symbol>
      <symbol id="sm-278">
         <name>UCA3TXBUF</name>
         <value>0x68e</value>
      </symbol>
      <symbol id="sm-279">
         <name>UCA3ABCTL</name>
         <value>0x690</value>
      </symbol>
      <symbol id="sm-27a">
         <name>UCA3IRCTL</name>
         <value>0x692</value>
      </symbol>
      <symbol id="sm-27b">
         <name>UCA3IRCTL_L</name>
         <value>0x692</value>
      </symbol>
      <symbol id="sm-27c">
         <name>UCA3IRCTL_H</name>
         <value>0x693</value>
      </symbol>
      <symbol id="sm-27d">
         <name>UCA3ICTL</name>
         <value>0x69c</value>
      </symbol>
      <symbol id="sm-27e">
         <name>UCA3ICTL_L</name>
         <value>0x69c</value>
      </symbol>
      <symbol id="sm-27f">
         <name>UCA3ICTL_H</name>
         <value>0x69d</value>
      </symbol>
      <symbol id="sm-280">
         <name>UCA3IV</name>
         <value>0x69e</value>
      </symbol>
      <symbol id="sm-281">
         <name>UCB3CTLW0</name>
         <value>0x6a0</value>
      </symbol>
      <symbol id="sm-282">
         <name>UCB3CTLW0_L</name>
         <value>0x6a0</value>
      </symbol>
      <symbol id="sm-283">
         <name>UCB3CTLW0_H</name>
         <value>0x6a1</value>
      </symbol>
      <symbol id="sm-284">
         <name>UCB3BRW</name>
         <value>0x6a6</value>
      </symbol>
      <symbol id="sm-285">
         <name>UCB3BRW_L</name>
         <value>0x6a6</value>
      </symbol>
      <symbol id="sm-286">
         <name>UCB3BRW_H</name>
         <value>0x6a7</value>
      </symbol>
      <symbol id="sm-287">
         <name>UCB3STAT</name>
         <value>0x6aa</value>
      </symbol>
      <symbol id="sm-288">
         <name>UCB3RXBUF</name>
         <value>0x6ac</value>
      </symbol>
      <symbol id="sm-289">
         <name>UCB3TXBUF</name>
         <value>0x6ae</value>
      </symbol>
      <symbol id="sm-28a">
         <name>UCB3I2COA</name>
         <value>0x6b0</value>
      </symbol>
      <symbol id="sm-28b">
         <name>UCB3I2COA_L</name>
         <value>0x6b0</value>
      </symbol>
      <symbol id="sm-28c">
         <name>UCB3I2COA_H</name>
         <value>0x6b1</value>
      </symbol>
      <symbol id="sm-28d">
         <name>UCB3I2CSA</name>
         <value>0x6b2</value>
      </symbol>
      <symbol id="sm-28e">
         <name>UCB3I2CSA_L</name>
         <value>0x6b2</value>
      </symbol>
      <symbol id="sm-28f">
         <name>UCB3I2CSA_H</name>
         <value>0x6b3</value>
      </symbol>
      <symbol id="sm-290">
         <name>UCB3ICTL</name>
         <value>0x6bc</value>
      </symbol>
      <symbol id="sm-291">
         <name>UCB3ICTL_L</name>
         <value>0x6bc</value>
      </symbol>
      <symbol id="sm-292">
         <name>UCB3ICTL_H</name>
         <value>0x6bd</value>
      </symbol>
      <symbol id="sm-293">
         <name>UCB3IV</name>
         <value>0x6be</value>
      </symbol>
      <symbol id="sm-294">
         <name>WDTCTL</name>
         <value>0x15c</value>
      </symbol>
      <symbol id="sm-295">
         <name>WDTCTL_L</name>
         <value>0x15c</value>
      </symbol>
      <symbol id="sm-296">
         <name>WDTCTL_H</name>
         <value>0x15d</value>
      </symbol>
      <symbol id="sm-297">
         <name>__TI_CINIT_Base</name>
         <value>0x5d46</value>
      </symbol>
      <symbol id="sm-298">
         <name>__TI_CINIT_Limit</name>
         <value>0x5d56</value>
      </symbol>
      <symbol id="sm-299">
         <name>__TI_CINIT_Warm</name>
         <value>0x5d56</value>
      </symbol>
      <symbol id="sm-29a">
         <name>__TI_Handler_Table_Base</name>
         <value>0x5d34</value>
      </symbol>
      <symbol id="sm-29b">
         <name>__TI_Handler_Table_Limit</name>
         <value>0x5d40</value>
      </symbol>
      <symbol id="sm-29c">
         <name>__STACK_SIZE</name>
         <value>0xa0</value>
      </symbol>
      <symbol id="sm-29d">
         <name>__STACK_END</name>
         <value>0x5c00</value>
      </symbol>
      <symbol id="sm-29e">
         <name>__c_args__</name>
         <value>0xffffffff</value>
      </symbol>
      <symbol id="sm-29f">
         <name>__TI_pprof_out_hndl</name>
         <value>0xffffffff</value>
      </symbol>
      <symbol id="sm-2a0">
         <name>__TI_prof_data_start</name>
         <value>0xffffffff</value>
      </symbol>
      <symbol id="sm-2a1">
         <name>__TI_prof_data_size</name>
         <value>0xffffffff</value>
      </symbol>
      <symbol id="sm-3a1">
         <name>Protection_Task</name>
         <value>0x105b4</value>
         <object_component_ref idref="oc-484"/>
      </symbol>
      <symbol id="sm-3a2">
         <name>g_fault_strikes</name>
         <value>0x1d94</value>
         <object_component_ref idref="oc-3c2"/>
      </symbol>
      <symbol id="sm-3a3">
         <name>g_update_timer</name>
         <value>0x1d8c</value>
         <object_component_ref idref="oc-3c2"/>
      </symbol>
      <symbol id="sm-3a4">
         <name>g_sys_state</name>
         <value>0x1d90</value>
         <object_component_ref idref="oc-3c2"/>
      </symbol>
      <symbol id="sm-3a5">
         <name>g_vin_idx</name>
         <value>0x1d95</value>
         <object_component_ref idref="oc-3c2"/>
      </symbol>
      <symbol id="sm-3a6">
         <name>main</name>
         <value>0x112b8</value>
         <object_component_ref idref="oc-3de"/>
      </symbol>
      <symbol id="sm-3a7">
         <name>g_vin_sum</name>
         <value>0x1d96</value>
         <object_component_ref idref="oc-3c2"/>
      </symbol>
      <symbol id="sm-3a8">
         <name>g_vin_buffer</name>
         <value>0x1d6c</value>
         <object_component_ref idref="oc-55a"/>
      </symbol>
      <symbol id="sm-3a9">
         <name>g_overload_ms</name>
         <value>0x1d92</value>
         <object_component_ref idref="oc-3c2"/>
      </symbol>
      <symbol id="sm-3d5">
         <name>adc_read_channel</name>
         <value>0x116b0</value>
         <object_component_ref idref="oc-543"/>
      </symbol>
      <symbol id="sm-3d6">
         <name>adc_read_voltage</name>
         <value>0x1192e</value>
         <object_component_ref idref="oc-554"/>
      </symbol>
      <symbol id="sm-3d7">
         <name>adc_init</name>
         <value>0x11800</value>
         <object_component_ref idref="oc-466"/>
      </symbol>
      <symbol id="sm-3e0">
         <name>gpio_init</name>
         <value>0x10ec6</value>
         <object_component_ref idref="oc-44e"/>
      </symbol>
      <symbol id="sm-40f">
         <name>RS422</name>
         <value>0x1c00</value>
      </symbol>
      <symbol id="sm-410">
         <name>__TI_int52</name>
         <value>0xffe8</value>
         <object_component_ref idref="oc-84"/>
      </symbol>
      <symbol id="sm-411">
         <name>HAL_RS422_Init</name>
         <value>0x1163e</value>
         <object_component_ref idref="oc-454"/>
      </symbol>
      <symbol id="sm-412">
         <name>HAL_RS422_SendPacket</name>
         <value>0x11600</value>
         <object_component_ref idref="oc-510"/>
      </symbol>
      <symbol id="sm-413">
         <name>USCI_A2_ISR</name>
         <value>0x5c00</value>
         <object_component_ref idref="oc-34e"/>
      </symbol>
      <symbol id="sm-414">
         <name>HAL_RS422_TickRxIdle</name>
         <value>0x115bc</value>
         <object_component_ref idref="oc-504"/>
      </symbol>
      <symbol id="sm-437">
         <name>__TI_int54</name>
         <value>0xffec</value>
         <object_component_ref idref="oc-86"/>
      </symbol>
      <symbol id="sm-438">
         <name>HAL_System_ClockInit</name>
         <value>0x1167a</value>
         <object_component_ref idref="oc-442"/>
      </symbol>
      <symbol id="sm-439">
         <name>HAL_System_TimerInit</name>
         <value>0x11970</value>
         <object_component_ref idref="oc-448"/>
      </symbol>
      <symbol id="sm-43a">
         <name>TIMER0_A0_ISR</name>
         <value>0x5c6e</value>
         <object_component_ref idref="oc-354"/>
      </symbol>
      <symbol id="sm-52e">
         <name>i2c_init_ucb0</name>
         <value>0x11944</value>
         <object_component_ref idref="oc-45a"/>
      </symbol>
      <symbol id="sm-52f">
         <name>i2c_init_ucb2</name>
         <value>0x1195a</value>
         <object_component_ref idref="oc-460"/>
      </symbol>
      <symbol id="sm-530">
         <name>i2c_write_reg8</name>
         <value>0x118fc</value>
         <object_component_ref idref="oc-472"/>
      </symbol>
      <symbol id="sm-531">
         <name>__TI_int56</name>
         <value>0xfff0</value>
         <object_component_ref idref="oc-88"/>
      </symbol>
      <symbol id="sm-532">
         <name>__TI_int51</name>
         <value>0xffe6</value>
         <object_component_ref idref="oc-83"/>
      </symbol>
      <symbol id="sm-533">
         <name>USCI_B0_ISR</name>
         <value>0x5cb0</value>
         <object_component_ref idref="oc-35a"/>
      </symbol>
      <symbol id="sm-534">
         <name>i2c_async_write_reg_multi</name>
         <value>0x1131e</value>
         <object_component_ref idref="oc-533"/>
      </symbol>
      <symbol id="sm-535">
         <name>USCI_B2_ISR</name>
         <value>0x5cc8</value>
         <object_component_ref idref="oc-348"/>
      </symbol>
      <symbol id="sm-536">
         <name>i2c_service_tick</name>
         <value>0x11488</value>
         <object_component_ref idref="oc-3bc"/>
      </symbol>
      <symbol id="sm-537">
         <name>g_i2c_ucb0</name>
         <value>0x5ce8</value>
         <object_component_ref idref="oc-43a"/>
      </symbol>
      <symbol id="sm-538">
         <name>g_i2c_ucb2</name>
         <value>0x5d04</value>
         <object_component_ref idref="oc-403"/>
      </symbol>
      <symbol id="sm-539">
         <name>i2c_async_poll</name>
         <value>0x1137c</value>
         <object_component_ref idref="oc-518"/>
      </symbol>
      <symbol id="sm-53a">
         <name>i2c_write_reg_multi</name>
         <value>0x1171c</value>
         <object_component_ref idref="oc-4fd"/>
      </symbol>
      <symbol id="sm-53b">
         <name>i2c_async_read_bytes</name>
         <value>0x11850</value>
         <object_component_ref idref="oc-52d"/>
      </symbol>
      <symbol id="sm-5a8">
         <name>MB_RS422_Table</name>
         <value>0x1d0c</value>
      </symbol>
      <symbol id="sm-5a9">
         <name>MB_RS422_UpdateTable</name>
         <value>0x10000</value>
         <object_component_ref idref="oc-47e"/>
      </symbol>
      <symbol id="sm-5aa">
         <name>MB_RS422_Init</name>
         <value>0x11916</value>
         <object_component_ref idref="oc-46c"/>
      </symbol>
      <symbol id="sm-5ab">
         <name>MB_RS422_Process</name>
         <value>0x10b18</value>
         <object_component_ref idref="oc-478"/>
      </symbol>
      <symbol id="sm-5c6">
         <name>__mspabi_subf</name>
         <value>0x10cc0</value>
         <object_component_ref idref="oc-539"/>
      </symbol>
      <symbol id="sm-5c7">
         <name>__mspabi_addf</name>
         <value>0x10cc6</value>
         <object_component_ref idref="oc-539"/>
      </symbol>
      <symbol id="sm-5d7">
         <name>__mspabi_cmpf</name>
         <value>0x11572</value>
         <object_component_ref idref="oc-528"/>
      </symbol>
      <symbol id="sm-5e9">
         <name>__mspabi_divf</name>
         <value>0x111b2</value>
         <object_component_ref idref="oc-53e"/>
      </symbol>
      <symbol id="sm-5f6">
         <name>__mspabi_fltif</name>
         <value>0x116e6</value>
         <object_component_ref idref="oc-51e"/>
      </symbol>
      <symbol id="sm-60d">
         <name>__mspabi_mpyf</name>
         <value>0x1105e</value>
         <object_component_ref idref="oc-523"/>
      </symbol>
      <symbol id="sm-618">
         <name>__mspabi_fltuf</name>
         <value>0x1189a</value>
         <object_component_ref idref="oc-549"/>
      </symbol>
      <symbol id="sm-61b">
         <name>__TI_int41</name>
         <value>0xffd2</value>
         <object_component_ref idref="oc-79"/>
      </symbol>
      <symbol id="sm-61e">
         <name>__TI_int42</name>
         <value>0xffd4</value>
         <object_component_ref idref="oc-7a"/>
      </symbol>
      <symbol id="sm-621">
         <name>__TI_int43</name>
         <value>0xffd6</value>
         <object_component_ref idref="oc-7b"/>
      </symbol>
      <symbol id="sm-624">
         <name>__TI_int44</name>
         <value>0xffd8</value>
         <object_component_ref idref="oc-7c"/>
      </symbol>
      <symbol id="sm-627">
         <name>__TI_int45</name>
         <value>0xffda</value>
         <object_component_ref idref="oc-7d"/>
      </symbol>
      <symbol id="sm-62a">
         <name>__TI_int46</name>
         <value>0xffdc</value>
         <object_component_ref idref="oc-7e"/>
      </symbol>
      <symbol id="sm-62d">
         <name>__TI_int47</name>
         <value>0xffde</value>
         <object_component_ref idref="oc-7f"/>
      </symbol>
      <symbol id="sm-630">
         <name>__TI_int48</name>
         <value>0xffe0</value>
         <object_component_ref idref="oc-80"/>
      </symbol>
      <symbol id="sm-633">
         <name>__TI_int49</name>
         <value>0xffe2</value>
         <object_component_ref idref="oc-81"/>
      </symbol>
      <symbol id="sm-636">
         <name>__TI_int50</name>
         <value>0xffe4</value>
         <object_component_ref idref="oc-82"/>
      </symbol>
      <symbol id="sm-639">
         <name>__TI_int53</name>
         <value>0xffea</value>
         <object_component_ref idref="oc-85"/>
      </symbol>
      <symbol id="sm-63c">
         <name>__TI_int55</name>
         <value>0xffee</value>
         <object_component_ref idref="oc-87"/>
      </symbol>
      <symbol id="sm-63f">
         <name>__TI_int57</name>
         <value>0xfff2</value>
         <object_component_ref idref="oc-89"/>
      </symbol>
      <symbol id="sm-642">
         <name>__TI_int58</name>
         <value>0xfff4</value>
         <object_component_ref idref="oc-8a"/>
      </symbol>
      <symbol id="sm-645">
         <name>__TI_int59</name>
         <value>0xfff6</value>
         <object_component_ref idref="oc-8b"/>
      </symbol>
      <symbol id="sm-648">
         <name>__TI_int60</name>
         <value>0xfff8</value>
         <object_component_ref idref="oc-8c"/>
      </symbol>
      <symbol id="sm-64b">
         <name>__TI_int61</name>
         <value>0xfffa</value>
         <object_component_ref idref="oc-8d"/>
      </symbol>
      <symbol id="sm-64e">
         <name>__TI_int62</name>
         <value>0xfffc</value>
         <object_component_ref idref="oc-8e"/>
      </symbol>
      <symbol id="sm-656">
         <name>__TI_ISR_TRAP</name>
         <value>0x5ce0</value>
         <object_component_ref idref="oc-343"/>
      </symbol>
      <symbol id="sm-66b">
         <name>_stack</name>
         <value>0x5b60</value>
         <object_component_ref idref="oc-327"/>
      </symbol>
      <symbol id="sm-66c">
         <name>_c_int00_noargs</name>
         <value>0x5c94</value>
         <object_component_ref idref="oc-372"/>
      </symbol>
      <symbol id="sm-66d">
         <name>_reset_vector</name>
         <value>0xfffe</value>
         <object_component_ref idref="oc-32a"/>
      </symbol>
      <symbol id="sm-690">
         <name>__TI_auto_init_nobinit_nopinit_hold_wdt</name>
         <value>0x11434</value>
         <object_component_ref idref="oc-4ab"/>
      </symbol>
      <symbol id="sm-6a3">
         <name>__TI_zero_init_nomemset</name>
         <value>0x11876</value>
         <object_component_ref idref="oc-360"/>
      </symbol>
      <symbol id="sm-6b3">
         <name>_system_pre_init</name>
         <value>0x119de</value>
         <object_component_ref idref="oc-3d8"/>
      </symbol>
      <symbol id="sm-6bc">
         <name>_system_post_cinit</name>
         <value>0x119e2</value>
         <object_component_ref idref="oc-593"/>
      </symbol>
      <symbol id="sm-6cd">
         <name>__TI_decompress_none</name>
         <value>0x11998</value>
         <object_component_ref idref="oc-73"/>
      </symbol>
      <symbol id="sm-6f0">
         <name>__TI_decompress_lzss</name>
         <value>0x11242</value>
         <object_component_ref idref="oc-6d"/>
      </symbol>
      <symbol id="sm-6fa">
         <name>C$$EXIT</name>
         <value>0x119d8</value>
         <object_component_ref idref="oc-487"/>
      </symbol>
      <symbol id="sm-6fb">
         <name>abort</name>
         <value>0x119d8</value>
         <object_component_ref idref="oc-487"/>
      </symbol>
      <symbol id="sm-70b">
         <name>memcpy</name>
         <value>0x11984</value>
         <object_component_ref idref="oc-336"/>
      </symbol>
   </symbol_table>
   <title>Link successful</title>
</link_info>
