<?xml version="1.0" encoding="ISO-8859-1" ?>
<link_info>
   <banner>MSP430 Linker PC v21.6.1.LTS</banner>
   <copyright>Copyright (c) 2003-2018 Texas Instruments Incorporated</copyright>
   <link_time>0x6a01f790</link_time>
   <link_errors>0x0</link_errors>
   <output_file>toygun.out</output_file>
   <entry_point>
      <name>_c_int00_noargs</name>
      <address>0x5c94</address>
   </entry_point>
   <input_file_list>
      <input_file id="fl-2">
         <path>.\</path>
         <kind>object</kind>
         <file>main.obj</file>
         <name>main.obj</name>
      </input_file>
      <input_file id="fl-3">
         <path>.\source\</path>
         <kind>object</kind>
         <file>adc_drv.obj</file>
         <name>adc_drv.obj</name>
      </input_file>
      <input_file id="fl-4">
         <path>.\source\</path>
         <kind>object</kind>
         <file>gpio.obj</file>
         <name>gpio.obj</name>
      </input_file>
      <input_file id="fl-5">
         <path>.\source\</path>
         <kind>object</kind>
         <file>hal_rs422.obj</file>
         <name>hal_rs422.obj</name>
      </input_file>
      <input_file id="fl-6">
         <path>.\source\</path>
         <kind>object</kind>
         <file>hal_system.obj</file>
         <name>hal_system.obj</name>
      </input_file>
      <input_file id="fl-7">
         <path>.\source\</path>
         <kind>object</kind>
         <file>i2c_drv.obj</file>
         <name>i2c_drv.obj</name>
      </input_file>
      <input_file id="fl-8">
         <path>.\source\</path>
         <kind>object</kind>
         <file>mb_rs422.obj</file>
         <name>mb_rs422.obj</name>
      </input_file>
      <input_file id="fl-e">
         <kind>object</kind>
         <file>&lt;internal&gt;</file>
         <name>&lt;internal&gt;</name>
      </input_file>
      <input_file id="fl-29">
         <path>D:\CCS\ccs\tools\compiler\ti-cgt-msp430_21.6.1.LTS\lib\</path>
         <kind>archive</kind>
         <file>rts430x_lc_rd_eabi.lib</file>
         <name>fs_add.asm.obj</name>
      </input_file>
      <input_file id="fl-2a">
         <path>D:\CCS\ccs\tools\compiler\ti-cgt-msp430_21.6.1.LTS\lib\</path>
         <kind>archive</kind>
         <file>rts430x_lc_rd_eabi.lib</file>
         <name>fs_cmp.asm.obj</name>
      </input_file>
      <input_file id="fl-2b">
         <path>D:\CCS\ccs\tools\compiler\ti-cgt-msp430_21.6.1.LTS\lib\</path>
         <kind>archive</kind>
         <file>rts430x_lc_rd_eabi.lib</file>
         <name>fs_div.asm.obj</name>
      </input_file>
      <input_file id="fl-2c">
         <path>D:\CCS\ccs\tools\compiler\ti-cgt-msp430_21.6.1.LTS\lib\</path>
         <kind>archive</kind>
         <file>rts430x_lc_rd_eabi.lib</file>
         <name>fs_itof.asm.obj</name>
      </input_file>
      <input_file id="fl-2d">
         <path>D:\CCS\ccs\tools\compiler\ti-cgt-msp430_21.6.1.LTS\lib\</path>
         <kind>archive</kind>
         <file>rts430x_lc_rd_eabi.lib</file>
         <name>fs_mpy.asm.obj</name>
      </input_file>
      <input_file id="fl-2e">
         <path>D:\CCS\ccs\tools\compiler\ti-cgt-msp430_21.6.1.LTS\lib\</path>
         <kind>archive</kind>
         <file>rts430x_lc_rd_eabi.lib</file>
         <name>fs_utof.asm.obj</name>
      </input_file>
      <input_file id="fl-2f">
         <path>D:\CCS\ccs\tools\compiler\ti-cgt-msp430_21.6.1.LTS\lib\</path>
         <kind>archive</kind>
         <file>rts430x_lc_rd_eabi.lib</file>
         <name>int41.asm.obj</name>
      </input_file>
      <input_file id="fl-30">
         <path>D:\CCS\ccs\tools\compiler\ti-cgt-msp430_21.6.1.LTS\lib\</path>
         <kind>archive</kind>
         <file>rts430x_lc_rd_eabi.lib</file>
         <name>int42.asm.obj</name>
      </input_file>
      <input_file id="fl-31">
         <path>D:\CCS\ccs\tools\compiler\ti-cgt-msp430_21.6.1.LTS\lib\</path>
         <kind>archive</kind>
         <file>rts430x_lc_rd_eabi.lib</file>
         <name>int43.asm.obj</name>
      </input_file>
      <input_file id="fl-32">
         <path>D:\CCS\ccs\tools\compiler\ti-cgt-msp430_21.6.1.LTS\lib\</path>
         <kind>archive</kind>
         <file>rts430x_lc_rd_eabi.lib</file>
         <name>int44.asm.obj</name>
      </input_file>
      <input_file id="fl-33">
         <path>D:\CCS\ccs\tools\compiler\ti-cgt-msp430_21.6.1.LTS\lib\</path>
         <kind>archive</kind>
         <file>rts430x_lc_rd_eabi.lib</file>
         <name>int45.asm.obj</name>
      </input_file>
      <input_file id="fl-34">
         <path>D:\CCS\ccs\tools\compiler\ti-cgt-msp430_21.6.1.LTS\lib\</path>
         <kind>archive</kind>
         <file>rts430x_lc_rd_eabi.lib</file>
         <name>int46.asm.obj</name>
      </input_file>
      <input_file id="fl-35">
         <path>D:\CCS\ccs\tools\compiler\ti-cgt-msp430_21.6.1.LTS\lib\</path>
         <kind>archive</kind>
         <file>rts430x_lc_rd_eabi.lib</file>
         <name>int47.asm.obj</name>
      </input_file>
      <input_file id="fl-36">
         <path>D:\CCS\ccs\tools\compiler\ti-cgt-msp430_21.6.1.LTS\lib\</path>
         <kind>archive</kind>
         <file>rts430x_lc_rd_eabi.lib</file>
         <name>int48.asm.obj</name>
      </input_file>
      <input_file id="fl-37">
         <path>D:\CCS\ccs\tools\compiler\ti-cgt-msp430_21.6.1.LTS\lib\</path>
         <kind>archive</kind>
         <file>rts430x_lc_rd_eabi.lib</file>
         <name>int49.asm.obj</name>
      </input_file>
      <input_file id="fl-38">
         <path>D:\CCS\ccs\tools\compiler\ti-cgt-msp430_21.6.1.LTS\lib\</path>
         <kind>archive</kind>
         <file>rts430x_lc_rd_eabi.lib</file>
         <name>int50.asm.obj</name>
      </input_file>
      <input_file id="fl-39">
         <path>D:\CCS\ccs\tools\compiler\ti-cgt-msp430_21.6.1.LTS\lib\</path>
         <kind>archive</kind>
         <file>rts430x_lc_rd_eabi.lib</file>
         <name>int53.asm.obj</name>
      </input_file>
      <input_file id="fl-3a">
         <path>D:\CCS\ccs\tools\compiler\ti-cgt-msp430_21.6.1.LTS\lib\</path>
         <kind>archive</kind>
         <file>rts430x_lc_rd_eabi.lib</file>
         <name>int55.asm.obj</name>
      </input_file>
      <input_file id="fl-3b">
         <path>D:\CCS\ccs\tools\compiler\ti-cgt-msp430_21.6.1.LTS\lib\</path>
         <kind>archive</kind>
         <file>rts430x_lc_rd_eabi.lib</file>
         <name>int57.asm.obj</name>
      </input_file>
      <input_file id="fl-3c">
         <path>D:\CCS\ccs\tools\compiler\ti-cgt-msp430_21.6.1.LTS\lib\</path>
         <kind>archive</kind>
         <file>rts430x_lc_rd_eabi.lib</file>
         <name>int58.asm.obj</name>
      </input_file>
      <input_file id="fl-3d">
         <path>D:\CCS\ccs\tools\compiler\ti-cgt-msp430_21.6.1.LTS\lib\</path>
         <kind>archive</kind>
         <file>rts430x_lc_rd_eabi.lib</file>
         <name>int59.asm.obj</name>
      </input_file>
      <input_file id="fl-3e">
         <path>D:\CCS\ccs\tools\compiler\ti-cgt-msp430_21.6.1.LTS\lib\</path>
         <kind>archive</kind>
         <file>rts430x_lc_rd_eabi.lib</file>
         <name>int60.asm.obj</name>
      </input_file>
      <input_file id="fl-3f">
         <path>D:\CCS\ccs\tools\compiler\ti-cgt-msp430_21.6.1.LTS\lib\</path>
         <kind>archive</kind>
         <file>rts430x_lc_rd_eabi.lib</file>
         <name>int61.asm.obj</name>
      </input_file>
      <input_file id="fl-40">
         <path>D:\CCS\ccs\tools\compiler\ti-cgt-msp430_21.6.1.LTS\lib\</path>
         <kind>archive</kind>
         <file>rts430x_lc_rd_eabi.lib</file>
         <name>int62.asm.obj</name>
      </input_file>
      <input_file id="fl-41">
         <path>D:\CCS\ccs\tools\compiler\ti-cgt-msp430_21.6.1.LTS\lib\</path>
         <kind>archive</kind>
         <file>rts430x_lc_rd_eabi.lib</file>
         <name>isr_trap.asm.obj</name>
      </input_file>
      <input_file id="fl-42">
         <path>D:\CCS\ccs\tools\compiler\ti-cgt-msp430_21.6.1.LTS\lib\</path>
         <kind>archive</kind>
         <file>rts430x_lc_rd_eabi.lib</file>
         <name>mult16_f5hw.asm.obj</name>
      </input_file>
      <input_file id="fl-43">
         <path>D:\CCS\ccs\tools\compiler\ti-cgt-msp430_21.6.1.LTS\lib\</path>
         <kind>archive</kind>
         <file>rts430x_lc_rd_eabi.lib</file>
         <name>mult1632_f5hw.asm.obj</name>
      </input_file>
      <input_file id="fl-44">
         <path>D:\CCS\ccs\tools\compiler\ti-cgt-msp430_21.6.1.LTS\lib\</path>
         <kind>archive</kind>
         <file>rts430x_lc_rd_eabi.lib</file>
         <name>mult32_f5hw.asm.obj</name>
      </input_file>
      <input_file id="fl-45">
         <path>D:\CCS\ccs\tools\compiler\ti-cgt-msp430_21.6.1.LTS\lib\</path>
         <kind>archive</kind>
         <file>rts430x_lc_rd_eabi.lib</file>
         <name>mult3264_f5hw.asm.obj</name>
      </input_file>
      <input_file id="fl-46">
         <path>D:\CCS\ccs\tools\compiler\ti-cgt-msp430_21.6.1.LTS\lib\</path>
         <kind>archive</kind>
         <file>rts430x_lc_rd_eabi.lib</file>
         <name>mult64_f5hw.asm.obj</name>
      </input_file>
      <input_file id="fl-47">
         <path>D:\CCS\ccs\tools\compiler\ti-cgt-msp430_21.6.1.LTS\lib\</path>
         <kind>archive</kind>
         <file>rts430x_lc_rd_eabi.lib</file>
         <name>boot.c.obj</name>
      </input_file>
      <input_file id="fl-48">
         <path>D:\CCS\ccs\tools\compiler\ti-cgt-msp430_21.6.1.LTS\lib\</path>
         <kind>archive</kind>
         <file>rts430x_lc_rd_eabi.lib</file>
         <name>autoinit.c.obj</name>
      </input_file>
      <input_file id="fl-49">
         <path>D:\CCS\ccs\tools\compiler\ti-cgt-msp430_21.6.1.LTS\lib\</path>
         <kind>archive</kind>
         <file>rts430x_lc_rd_eabi.lib</file>
         <name>copy_zero_init.c.obj</name>
      </input_file>
      <input_file id="fl-4a">
         <path>D:\CCS\ccs\tools\compiler\ti-cgt-msp430_21.6.1.LTS\lib\</path>
         <kind>archive</kind>
         <file>rts430x_lc_rd_eabi.lib</file>
         <name>cpy_tbl.c.obj</name>
      </input_file>
      <input_file id="fl-4b">
         <path>D:\CCS\ccs\tools\compiler\ti-cgt-msp430_21.6.1.LTS\lib\</path>
         <kind>archive</kind>
         <file>rts430x_lc_rd_eabi.lib</file>
         <name>mpu_init.c.obj</name>
      </input_file>
      <input_file id="fl-4c">
         <path>D:\CCS\ccs\tools\compiler\ti-cgt-msp430_21.6.1.LTS\lib\</path>
         <kind>archive</kind>
         <file>rts430x_lc_rd_eabi.lib</file>
         <name>pre_init.c.obj</name>
      </input_file>
      <input_file id="fl-4d">
         <path>D:\CCS\ccs\tools\compiler\ti-cgt-msp430_21.6.1.LTS\lib\</path>
         <kind>archive</kind>
         <file>rts430x_lc_rd_eabi.lib</file>
         <name>startup.c.obj</name>
      </input_file>
      <input_file id="fl-4e">
         <path>D:\CCS\ccs\tools\compiler\ti-cgt-msp430_21.6.1.LTS\lib\</path>
         <kind>archive</kind>
         <file>rts430x_lc_rd_eabi.lib</file>
         <name>copy_decompress_none.c.obj</name>
      </input_file>
      <input_file id="fl-4f">
         <path>D:\CCS\ccs\tools\compiler\ti-cgt-msp430_21.6.1.LTS\lib\</path>
         <kind>archive</kind>
         <file>rts430x_lc_rd_eabi.lib</file>
         <name>copy_decompress_lzss.c.obj</name>
      </input_file>
      <input_file id="fl-50">
         <path>D:\CCS\ccs\tools\compiler\ti-cgt-msp430_21.6.1.LTS\lib\</path>
         <kind>archive</kind>
         <file>rts430x_lc_rd_eabi.lib</file>
         <name>exit.c.obj</name>
      </input_file>
      <input_file id="fl-51">
         <path>D:\CCS\ccs\tools\compiler\ti-cgt-msp430_21.6.1.LTS\lib\</path>
         <kind>archive</kind>
         <file>rts430x_lc_rd_eabi.lib</file>
         <name>_lock.c.obj</name>
      </input_file>
      <input_file id="fl-52">
         <path>D:\CCS\ccs\tools\compiler\ti-cgt-msp430_21.6.1.LTS\lib\</path>
         <kind>archive</kind>
         <file>rts430x_lc_rd_eabi.lib</file>
         <name>args_main.c.obj</name>
      </input_file>
      <input_file id="fl-53">
         <path>D:\CCS\ccs\tools\compiler\ti-cgt-msp430_21.6.1.LTS\lib\</path>
         <kind>archive</kind>
         <file>rts430x_lc_rd_eabi.lib</file>
         <name>memcpy.c.obj</name>
      </input_file>
      <input_file id="fl-54">
         <path>D:\CCS\ccs\tools\compiler\ti-cgt-msp430_21.6.1.LTS\lib\</path>
         <kind>archive</kind>
         <file>rts430x_lc_rd_eabi.lib</file>
         <name>mult16.asm.obj</name>
      </input_file>
      <input_file id="fl-55">
         <path>D:\CCS\ccs\tools\compiler\ti-cgt-msp430_21.6.1.LTS\lib\</path>
         <kind>archive</kind>
         <file>rts430x_lc_rd_eabi.lib</file>
         <name>exit_gvars.c.obj</name>
      </input_file>
   </input_file_list>
   <object_component_list>
      <object_component id="oc-3b8">
         <name>.common:RS422</name>
         <uninitialized>true</uninitialized>
         <run_address>0x1c00</run_address>
         <size>0x10c</size>
      </object_component>
      <object_component id="oc-4f9">
         <name>.common:MB_RS422_Table</name>
         <uninitialized>true</uninitialized>
         <run_address>0x1d0c</run_address>
         <size>0x30</size>
      </object_component>
      <object_component id="oc-3c2">
         <name>.data</name>
         <load_address>0x1d9c</load_address>
         <run_address>0x1d9c</run_address>
         <size>0x14</size>
         <input_file_ref idref="fl-2"/>
      </object_component>
      <object_component id="oc-55a">
         <name>.data:g_vin_buffer</name>
         <load_address>0x1d7c</load_address>
         <run_address>0x1d7c</run_address>
         <size>0x20</size>
         <input_file_ref idref="fl-2"/>
      </object_component>
      <object_component id="oc-3c8">
         <name>.data</name>
         <load_address>0x1db6</load_address>
         <run_address>0x1db6</run_address>
         <size>0x2</size>
         <input_file_ref idref="fl-6"/>
      </object_component>
      <object_component id="oc-3cc">
         <name>.data:g_ucb0_ctx</name>
         <load_address>0x1d3c</load_address>
         <run_address>0x1d3c</run_address>
         <size>0x20</size>
         <input_file_ref idref="fl-7"/>
      </object_component>
      <object_component id="oc-3ae">
         <name>.data:g_ucb2_ctx</name>
         <load_address>0x1d5c</load_address>
         <run_address>0x1d5c</run_address>
         <size>0x20</size>
         <input_file_ref idref="fl-7"/>
      </object_component>
      <object_component id="oc-517">
         <name>.data</name>
         <load_address>0x1db0</load_address>
         <run_address>0x1db0</run_address>
         <size>0x6</size>
         <input_file_ref idref="fl-8"/>
      </object_component>
      <object_component id="oc-327">
         <name>.stack</name>
         <uninitialized>true</uninitialized>
         <run_address>0x5b60</run_address>
         <size>0x4</size>
         <input_file_ref idref="fl-47"/>
      </object_component>
      <object_component id="oc-69b">
         <name>.stack</name>
         <uninitialized>true</uninitialized>
         <run_address>0x5b60</run_address>
         <size>0x0</size>
      </object_component>
      <object_component id="oc-47e">
         <name>.text:MB_RS422_UpdateTable</name>
         <load_address>0x10000</load_address>
         <run_address>0x10000</run_address>
         <size>0x642</size>
         <input_file_ref idref="fl-8"/>
      </object_component>
      <object_component id="oc-484">
         <name>.text:Protection_Task</name>
         <load_address>0x10642</load_address>
         <run_address>0x10642</run_address>
         <size>0x4aa</size>
         <input_file_ref idref="fl-2"/>
      </object_component>
      <object_component id="oc-478">
         <name>.text:MB_RS422_Process</name>
         <load_address>0x10aec</load_address>
         <run_address>0x10aec</run_address>
         <size>0x1a8</size>
         <input_file_ref idref="fl-8"/>
      </object_component>
      <object_component id="oc-534">
         <name>.text</name>
         <load_address>0x10c94</load_address>
         <run_address>0x10c94</run_address>
         <size>0x132</size>
         <input_file_ref idref="fl-29"/>
      </object_component>
      <object_component id="oc-5c9">
         <name>.text:i2c_start_job</name>
         <load_address>0x10dc6</load_address>
         <run_address>0x10dc6</run_address>
         <size>0xd4</size>
         <input_file_ref idref="fl-7"/>
      </object_component>
      <object_component id="oc-3b1">
         <name>.text:i2c_isr</name>
         <load_address>0x10e9a</load_address>
         <run_address>0x10e9a</run_address>
         <size>0xcc</size>
         <input_file_ref idref="fl-7"/>
      </object_component>
      <object_component id="oc-529">
         <name>.text</name>
         <load_address>0x10f66</load_address>
         <run_address>0x10f66</run_address>
         <size>0xb8</size>
         <input_file_ref idref="fl-2d"/>
      </object_component>
      <object_component id="oc-44e">
         <name>.text:gpio_init</name>
         <load_address>0x1101e</load_address>
         <run_address>0x1101e</run_address>
         <size>0xa8</size>
         <input_file_ref idref="fl-4"/>
      </object_component>
      <object_component id="oc-5a8">
         <name>.text:i2c_recover_lines</name>
         <load_address>0x110c6</load_address>
         <run_address>0x110c6</run_address>
         <size>0x9c</size>
         <input_file_ref idref="fl-7"/>
      </object_component>
      <object_component id="oc-539">
         <name>.text</name>
         <load_address>0x11162</load_address>
         <run_address>0x11162</run_address>
         <size>0x90</size>
         <input_file_ref idref="fl-2b"/>
      </object_component>
      <object_component id="oc-6d">
         <name>.text:decompress:lzss:__TI_decompress_lzss</name>
         <load_address>0x111f2</load_address>
         <run_address>0x111f2</run_address>
         <size>0x76</size>
         <input_file_ref idref="fl-4f"/>
      </object_component>
      <object_component id="oc-3de">
         <name>.text:main</name>
         <load_address>0x11268</load_address>
         <run_address>0x11268</run_address>
         <size>0x6c</size>
         <input_file_ref idref="fl-2"/>
      </object_component>
      <object_component id="oc-52e">
         <name>.text:i2c_async_write_reg_multi</name>
         <load_address>0x112d4</load_address>
         <run_address>0x112d4</run_address>
         <size>0x5e</size>
         <input_file_ref idref="fl-7"/>
      </object_component>
      <object_component id="oc-518">
         <name>.text:i2c_async_poll</name>
         <load_address>0x11332</load_address>
         <run_address>0x11332</run_address>
         <size>0x5c</size>
         <input_file_ref idref="fl-7"/>
      </object_component>
      <object_component id="oc-4f0">
         <name>.text:i2c_configure_bus</name>
         <load_address>0x1138e</load_address>
         <run_address>0x1138e</run_address>
         <size>0x5c</size>
         <input_file_ref idref="fl-7"/>
      </object_component>
      <object_component id="oc-4ab">
         <name>.text:__TI_auto_init_nobinit_nopinit_hold_wdt:__TI_auto_init_nobinit_nopinit_hold_wdt</name>
         <load_address>0x113ea</load_address>
         <run_address>0x113ea</run_address>
         <size>0x54</size>
         <input_file_ref idref="fl-48"/>
      </object_component>
      <object_component id="oc-3bc">
         <name>.text:i2c_service_tick</name>
         <load_address>0x1143e</load_address>
         <run_address>0x1143e</run_address>
         <size>0x54</size>
         <input_file_ref idref="fl-7"/>
      </object_component>
      <object_component id="oc-4ea">
         <name>.text:i2c_recover_bus</name>
         <load_address>0x11492</load_address>
         <run_address>0x11492</run_address>
         <size>0x4c</size>
         <input_file_ref idref="fl-7"/>
      </object_component>
      <object_component id="oc-413">
         <name>.text:i2c_start_receive</name>
         <load_address>0x114de</load_address>
         <run_address>0x114de</run_address>
         <size>0x4a</size>
         <input_file_ref idref="fl-7"/>
      </object_component>
      <object_component id="oc-53e">
         <name>.text</name>
         <load_address>0x11528</load_address>
         <run_address>0x11528</run_address>
         <size>0x4a</size>
         <input_file_ref idref="fl-2a"/>
      </object_component>
      <object_component id="oc-504">
         <name>.text:HAL_RS422_TickRxIdle</name>
         <load_address>0x11572</load_address>
         <run_address>0x11572</run_address>
         <size>0x44</size>
         <input_file_ref idref="fl-5"/>
      </object_component>
      <object_component id="oc-510">
         <name>.text:HAL_RS422_SendPacket</name>
         <load_address>0x115b6</load_address>
         <run_address>0x115b6</run_address>
         <size>0x3e</size>
         <input_file_ref idref="fl-5"/>
      </object_component>
      <object_component id="oc-454">
         <name>.text:HAL_RS422_Init</name>
         <load_address>0x115f4</load_address>
         <run_address>0x115f4</run_address>
         <size>0x3c</size>
         <input_file_ref idref="fl-5"/>
      </object_component>
      <object_component id="oc-442">
         <name>.text:HAL_System_ClockInit</name>
         <load_address>0x11630</load_address>
         <run_address>0x11630</run_address>
         <size>0x36</size>
         <input_file_ref idref="fl-6"/>
      </object_component>
      <object_component id="oc-543">
         <name>.text:adc_read_channel</name>
         <load_address>0x11666</load_address>
         <run_address>0x11666</run_address>
         <size>0x36</size>
         <input_file_ref idref="fl-3"/>
      </object_component>
      <object_component id="oc-524">
         <name>.text</name>
         <load_address>0x1169c</load_address>
         <run_address>0x1169c</run_address>
         <size>0x36</size>
         <input_file_ref idref="fl-2c"/>
      </object_component>
      <object_component id="oc-4fd">
         <name>.text:i2c_write_reg_multi</name>
         <load_address>0x116d2</load_address>
         <run_address>0x116d2</run_address>
         <size>0x32</size>
         <input_file_ref idref="fl-7"/>
      </object_component>
      <object_component id="oc-5d6">
         <name>.text:adc_channel_to_inch</name>
         <load_address>0x11704</load_address>
         <run_address>0x11704</run_address>
         <size>0x30</size>
         <input_file_ref idref="fl-3"/>
      </object_component>
      <object_component id="oc-50a">
         <name>.text:get_CRC16</name>
         <load_address>0x11734</load_address>
         <run_address>0x11734</run_address>
         <size>0x2e</size>
         <input_file_ref idref="fl-8"/>
      </object_component>
      <object_component id="oc-40d">
         <name>.text:i2c_finish</name>
         <load_address>0x11762</load_address>
         <run_address>0x11762</run_address>
         <size>0x2a</size>
         <input_file_ref idref="fl-7"/>
      </object_component>
      <object_component id="oc-466">
         <name>.text:adc_init</name>
         <load_address>0x1178c</load_address>
         <run_address>0x1178c</run_address>
         <size>0x28</size>
         <input_file_ref idref="fl-3"/>
      </object_component>
      <object_component id="oc-5af">
         <name>.text:i2c_select_bus_pins</name>
         <load_address>0x117b4</load_address>
         <run_address>0x117b4</run_address>
         <size>0x28</size>
         <input_file_ref idref="fl-7"/>
      </object_component>
      <object_component id="oc-51e">
         <name>.text:i2c_async_read_bytes</name>
         <load_address>0x117dc</load_address>
         <run_address>0x117dc</run_address>
         <size>0x26</size>
         <input_file_ref idref="fl-7"/>
      </object_component>
      <object_component id="oc-360">
         <name>.text:decompress:ZI:__TI_zero_init_nomemset:__TI_zero_init_nomemset</name>
         <load_address>0x11802</load_address>
         <run_address>0x11802</run_address>
         <size>0x24</size>
         <input_file_ref idref="fl-49"/>
      </object_component>
      <object_component id="oc-549">
         <name>.text</name>
         <load_address>0x11826</load_address>
         <run_address>0x11826</run_address>
         <size>0x24</size>
         <input_file_ref idref="fl-2e"/>
      </object_component>
      <object_component id="oc-5b8">
         <name>.text:i2c_wait_done</name>
         <load_address>0x1184a</load_address>
         <run_address>0x1184a</run_address>
         <size>0x22</size>
         <input_file_ref idref="fl-7"/>
      </object_component>
      <object_component id="oc-5c2">
         <name>.text:ctx_from_bus</name>
         <load_address>0x1186c</load_address>
         <run_address>0x1186c</run_address>
         <size>0x1c</size>
         <input_file_ref idref="fl-7"/>
      </object_component>
      <object_component id="oc-472">
         <name>.text:i2c_write_reg8</name>
         <load_address>0x11888</load_address>
         <run_address>0x11888</run_address>
         <size>0x1a</size>
         <input_file_ref idref="fl-7"/>
      </object_component>
      <object_component id="oc-46c">
         <name>.text:MB_RS422_Init</name>
         <load_address>0x118a2</load_address>
         <run_address>0x118a2</run_address>
         <size>0x18</size>
         <input_file_ref idref="fl-8"/>
      </object_component>
      <object_component id="oc-554">
         <name>.text:adc_read_voltage</name>
         <load_address>0x118ba</load_address>
         <run_address>0x118ba</run_address>
         <size>0x16</size>
         <input_file_ref idref="fl-3"/>
      </object_component>
      <object_component id="oc-45a">
         <name>.text:i2c_init_ucb0</name>
         <load_address>0x118d0</load_address>
         <run_address>0x118d0</run_address>
         <size>0x16</size>
         <input_file_ref idref="fl-7"/>
      </object_component>
      <object_component id="oc-460">
         <name>.text:i2c_init_ucb2</name>
         <load_address>0x118e6</load_address>
         <run_address>0x118e6</run_address>
         <size>0x16</size>
         <input_file_ref idref="fl-7"/>
      </object_component>
      <object_component id="oc-448">
         <name>.text:HAL_System_TimerInit</name>
         <load_address>0x118fc</load_address>
         <run_address>0x118fc</run_address>
         <size>0x14</size>
         <input_file_ref idref="fl-6"/>
      </object_component>
      <object_component id="oc-336">
         <name>.text:memcpy</name>
         <load_address>0x11910</load_address>
         <run_address>0x11910</run_address>
         <size>0x14</size>
         <input_file_ref idref="fl-53"/>
      </object_component>
      <object_component id="oc-73">
         <name>.text:decompress:none:__TI_decompress_none</name>
         <load_address>0x11924</load_address>
         <run_address>0x11924</run_address>
         <size>0x12</size>
         <input_file_ref idref="fl-4e"/>
      </object_component>
      <object_component id="oc-563">
         <name>.text:fault_flag_active</name>
         <load_address>0x11936</load_address>
         <run_address>0x11936</run_address>
         <size>0x8</size>
         <input_file_ref idref="fl-2"/>
      </object_component>
      <object_component id="oc-569">
         <name>.text:fault_flag_clear</name>
         <load_address>0x1193e</load_address>
         <run_address>0x1193e</run_address>
         <size>0x8</size>
         <input_file_ref idref="fl-2"/>
      </object_component>
      <object_component id="oc-55d">
         <name>.text:vout_ctrl_high</name>
         <load_address>0x11946</load_address>
         <run_address>0x11946</run_address>
         <size>0x8</size>
         <input_file_ref idref="fl-2"/>
      </object_component>
      <object_component id="oc-56f">
         <name>.text:vout_ctrl_low</name>
         <load_address>0x1194e</load_address>
         <run_address>0x1194e</run_address>
         <size>0x8</size>
         <input_file_ref idref="fl-2"/>
      </object_component>
      <object_component id="oc-487">
         <name>.text:abort</name>
         <load_address>0x11956</load_address>
         <run_address>0x11956</run_address>
         <size>0x6</size>
         <input_file_ref idref="fl-50"/>
      </object_component>
      <object_component id="oc-3d8">
         <name>.text:_system_pre_init</name>
         <load_address>0x1195c</load_address>
         <run_address>0x1195c</run_address>
         <size>0x4</size>
         <input_file_ref idref="fl-4c"/>
      </object_component>
      <object_component id="oc-587">
         <name>.text:_system_post_cinit</name>
         <load_address>0x11960</load_address>
         <run_address>0x11960</run_address>
         <size>0x2</size>
         <input_file_ref idref="fl-4d"/>
      </object_component>
      <object_component id="oc-34e">
         <name>.text:_isr:USCI_A2_ISR</name>
         <load_address>0x5c00</load_address>
         <run_address>0x5c00</run_address>
         <size>0x6e</size>
         <input_file_ref idref="fl-5"/>
      </object_component>
      <object_component id="oc-354">
         <name>.text:_isr:TIMER0_A0_ISR</name>
         <load_address>0x5c6e</load_address>
         <run_address>0x5c6e</run_address>
         <size>0x26</size>
         <input_file_ref idref="fl-6"/>
      </object_component>
      <object_component id="oc-372">
         <name>.text:_isr:_c_int00_noargs</name>
         <load_address>0x5c94</load_address>
         <run_address>0x5c94</run_address>
         <size>0x1c</size>
         <input_file_ref idref="fl-47"/>
      </object_component>
      <object_component id="oc-35a">
         <name>.text:_isr:USCI_B0_ISR</name>
         <load_address>0x5cb0</load_address>
         <run_address>0x5cb0</run_address>
         <size>0x18</size>
         <input_file_ref idref="fl-7"/>
      </object_component>
      <object_component id="oc-348">
         <name>.text:_isr:USCI_B2_ISR</name>
         <load_address>0x5cc8</load_address>
         <run_address>0x5cc8</run_address>
         <size>0x18</size>
         <input_file_ref idref="fl-7"/>
      </object_component>
      <object_component id="oc-343">
         <name>.text:_isr:__TI_ISR_TRAP</name>
         <load_address>0x5ce0</load_address>
         <run_address>0x5ce0</run_address>
         <size>0x8</size>
         <input_file_ref idref="fl-41"/>
      </object_component>
      <object_component id="oc-69a">
         <name>.cinit..data.load</name>
         <load_address>0x5d20</load_address>
         <run_address>0x5d20</run_address>
         <size>0x13</size>
      </object_component>
      <object_component id="oc-697">
         <name>__TI_handler_table</name>
         <load_address>0x5d34</load_address>
         <run_address>0x5d34</run_address>
         <size>0xc</size>
      </object_component>
      <object_component id="oc-699">
         <name>.cinit..bss.load</name>
         <load_address>0x5d40</load_address>
         <run_address>0x5d40</run_address>
         <size>0x6</size>
      </object_component>
      <object_component id="oc-698">
         <name>__TI_cinit_table</name>
         <load_address>0x5d46</load_address>
         <run_address>0x5d46</run_address>
         <size>0x10</size>
      </object_component>
      <object_component id="oc-43a">
         <name>.const:g_i2c_ucb0</name>
         <load_address>0x5ce8</load_address>
         <run_address>0x5ce8</run_address>
         <size>0x1c</size>
         <input_file_ref idref="fl-7"/>
      </object_component>
      <object_component id="oc-403">
         <name>.const:g_i2c_ucb2</name>
         <load_address>0x5d04</load_address>
         <run_address>0x5d04</run_address>
         <size>0x1c</size>
         <input_file_ref idref="fl-7"/>
      </object_component>
      <object_component id="oc-629">
         <name>.binit</name>
         <load_address>0x5c00</load_address>
         <run_address>0x5c00</run_address>
         <size>0x0</size>
      </object_component>
      <object_component id="oc-79">
         <name>.int41</name>
         <load_address>0xffd2</load_address>
         <run_address>0xffd2</run_address>
         <size>0x2</size>
         <input_file_ref idref="fl-2f"/>
      </object_component>
      <object_component id="oc-7a">
         <name>.int42</name>
         <load_address>0xffd4</load_address>
         <run_address>0xffd4</run_address>
         <size>0x2</size>
         <input_file_ref idref="fl-30"/>
      </object_component>
      <object_component id="oc-7b">
         <name>.int43</name>
         <load_address>0xffd6</load_address>
         <run_address>0xffd6</run_address>
         <size>0x2</size>
         <input_file_ref idref="fl-31"/>
      </object_component>
      <object_component id="oc-7c">
         <name>.int44</name>
         <load_address>0xffd8</load_address>
         <run_address>0xffd8</run_address>
         <size>0x2</size>
         <input_file_ref idref="fl-32"/>
      </object_component>
      <object_component id="oc-7d">
         <name>.int45</name>
         <load_address>0xffda</load_address>
         <run_address>0xffda</run_address>
         <size>0x2</size>
         <input_file_ref idref="fl-33"/>
      </object_component>
      <object_component id="oc-7e">
         <name>.int46</name>
         <load_address>0xffdc</load_address>
         <run_address>0xffdc</run_address>
         <size>0x2</size>
         <input_file_ref idref="fl-34"/>
      </object_component>
      <object_component id="oc-7f">
         <name>.int47</name>
         <load_address>0xffde</load_address>
         <run_address>0xffde</run_address>
         <size>0x2</size>
         <input_file_ref idref="fl-35"/>
      </object_component>
      <object_component id="oc-80">
         <name>.int48</name>
         <load_address>0xffe0</load_address>
         <run_address>0xffe0</run_address>
         <size>0x2</size>
         <input_file_ref idref="fl-36"/>
      </object_component>
      <object_component id="oc-81">
         <name>.int49</name>
         <load_address>0xffe2</load_address>
         <run_address>0xffe2</run_address>
         <size>0x2</size>
         <input_file_ref idref="fl-37"/>
      </object_component>
      <object_component id="oc-82">
         <name>.int50</name>
         <load_address>0xffe4</load_address>
         <run_address>0xffe4</run_address>
         <size>0x2</size>
         <input_file_ref idref="fl-38"/>
      </object_component>
      <object_component id="oc-83">
         <name>.int51</name>
         <load_address>0xffe6</load_address>
         <run_address>0xffe6</run_address>
         <size>0x2</size>
         <input_file_ref idref="fl-7"/>
      </object_component>
      <object_component id="oc-84">
         <name>.int52</name>
         <load_address>0xffe8</load_address>
         <run_address>0xffe8</run_address>
         <size>0x2</size>
         <input_file_ref idref="fl-5"/>
      </object_component>
      <object_component id="oc-85">
         <name>.int53</name>
         <load_address>0xffea</load_address>
         <run_address>0xffea</run_address>
         <size>0x2</size>
         <input_file_ref idref="fl-39"/>
      </object_component>
      <object_component id="oc-86">
         <name>.int54</name>
         <load_address>0xffec</load_address>
         <run_address>0xffec</run_address>
         <size>0x2</size>
         <input_file_ref idref="fl-6"/>
      </object_component>
      <object_component id="oc-87">
         <name>.int55</name>
         <load_address>0xffee</load_address>
         <run_address>0xffee</run_address>
         <size>0x2</size>
         <input_file_ref idref="fl-3a"/>
      </object_component>
      <object_component id="oc-88">
         <name>.int56</name>
         <load_address>0xfff0</load_address>
         <run_address>0xfff0</run_address>
         <size>0x2</size>
         <input_file_ref idref="fl-7"/>
      </object_component>
      <object_component id="oc-89">
         <name>.int57</name>
         <load_address>0xfff2</load_address>
         <run_address>0xfff2</run_address>
         <size>0x2</size>
         <input_file_ref idref="fl-3b"/>
      </object_component>
      <object_component id="oc-8a">
         <name>.int58</name>
         <load_address>0xfff4</load_address>
         <run_address>0xfff4</run_address>
         <size>0x2</size>
         <input_file_ref idref="fl-3c"/>
      </object_component>
      <object_component id="oc-8b">
         <name>.int59</name>
         <load_address>0xfff6</load_address>
         <run_address>0xfff6</run_address>
         <size>0x2</size>
         <input_file_ref idref="fl-3d"/>
      </object_component>
      <object_component id="oc-8c">
         <name>.int60</name>
         <load_address>0xfff8</load_address>
         <run_address>0xfff8</run_address>
         <size>0x2</size>
         <input_file_ref idref="fl-3e"/>
      </object_component>
      <object_component id="oc-8d">
         <name>.int61</name>
         <load_address>0xfffa</load_address>
         <run_address>0xfffa</run_address>
         <size>0x2</size>
         <input_file_ref idref="fl-3f"/>
      </object_component>
      <object_component id="oc-8e">
         <name>.int62</name>
         <load_address>0xfffc</load_address>
         <run_address>0xfffc</run_address>
         <size>0x2</size>
         <input_file_ref idref="fl-40"/>
      </object_component>
      <object_component id="oc-32a">
         <name>.reset</name>
         <load_address>0xfffe</load_address>
         <run_address>0xfffe</run_address>
         <size>0x2</size>
         <input_file_ref idref="fl-47"/>
      </object_component>
      <object_component id="oc-42f">
         <name>.debug_info</name>
         <load_address>0x0</load_address>
         <run_address>0x0</run_address>
         <size>0x4d3</size>
         <input_file_ref idref="fl-2"/>
      </object_component>
      <object_component id="oc-3c6">
         <name>.debug_info</name>
         <load_address>0x4d3</load_address>
         <run_address>0x4d3</run_address>
         <size>0x199</size>
         <input_file_ref idref="fl-2"/>
      </object_component>
      <object_component id="oc-55b">
         <name>.debug_info</name>
         <load_address>0x66c</load_address>
         <run_address>0x66c</run_address>
         <size>0xce</size>
         <input_file_ref idref="fl-2"/>
      </object_component>
      <object_component id="oc-55e">
         <name>.debug_info</name>
         <load_address>0x73a</load_address>
         <run_address>0x73a</run_address>
         <size>0xfb</size>
         <input_file_ref idref="fl-2"/>
      </object_component>
      <object_component id="oc-564">
         <name>.debug_info</name>
         <load_address>0x835</load_address>
         <run_address>0x835</run_address>
         <size>0x101</size>
         <input_file_ref idref="fl-2"/>
      </object_component>
      <object_component id="oc-56a">
         <name>.debug_info</name>
         <load_address>0x936</load_address>
         <run_address>0x936</run_address>
         <size>0xff</size>
         <input_file_ref idref="fl-2"/>
      </object_component>
      <object_component id="oc-570">
         <name>.debug_info</name>
         <load_address>0xa35</load_address>
         <run_address>0xa35</run_address>
         <size>0xf9</size>
         <input_file_ref idref="fl-2"/>
      </object_component>
      <object_component id="oc-3c3">
         <name>.debug_info</name>
         <load_address>0xb2e</load_address>
         <run_address>0xb2e</run_address>
         <size>0x621</size>
         <input_file_ref idref="fl-2"/>
      </object_component>
      <object_component id="oc-3df">
         <name>.debug_info</name>
         <load_address>0x114f</load_address>
         <run_address>0x114f</run_address>
         <size>0x201</size>
         <input_file_ref idref="fl-2"/>
      </object_component>
      <object_component id="oc-4c9">
         <name>.debug_info</name>
         <load_address>0x1350</load_address>
         <run_address>0x1350</run_address>
         <size>0x106</size>
         <input_file_ref idref="fl-2"/>
      </object_component>
      <object_component id="oc-4d8">
         <name>.debug_info</name>
         <load_address>0x1456</load_address>
         <run_address>0x1456</run_address>
         <size>0x63</size>
         <input_file_ref idref="fl-2"/>
      </object_component>
      <object_component id="oc-432">
         <name>.debug_info</name>
         <load_address>0x14b9</load_address>
         <run_address>0x14b9</run_address>
         <size>0x75</size>
         <input_file_ref idref="fl-2"/>
      </object_component>
      <object_component id="oc-4dd">
         <name>.debug_info</name>
         <load_address>0x152e</load_address>
         <run_address>0x152e</run_address>
         <size>0x2fb</size>
         <input_file_ref idref="fl-2"/>
      </object_component>
      <object_component id="oc-422">
         <name>.debug_info</name>
         <load_address>0x1829</load_address>
         <run_address>0x1829</run_address>
         <size>0x26b</size>
         <input_file_ref idref="fl-2"/>
      </object_component>
      <object_component id="oc-427">
         <name>.debug_info</name>
         <load_address>0x1a94</load_address>
         <run_address>0x1a94</run_address>
         <size>0x11a</size>
         <input_file_ref idref="fl-2"/>
      </object_component>
      <object_component id="oc-331">
         <name>.debug_info</name>
         <load_address>0x1bae</load_address>
         <run_address>0x1bae</run_address>
         <size>0x84</size>
         <input_file_ref idref="fl-2"/>
      </object_component>
      <object_component id="oc-4d1">
         <name>.debug_info</name>
         <load_address>0x1c32</load_address>
         <run_address>0x1c32</run_address>
         <size>0x282</size>
         <input_file_ref idref="fl-2"/>
      </object_component>
      <object_component id="oc-41b">
         <name>.debug_info</name>
         <load_address>0x1eb4</load_address>
         <run_address>0x1eb4</run_address>
         <size>0xbb</size>
         <input_file_ref idref="fl-2"/>
      </object_component>
      <object_component id="oc-5dd">
         <name>.debug_info</name>
         <load_address>0x1f6f</load_address>
         <run_address>0x1f6f</run_address>
         <size>0x1f1</size>
         <input_file_ref idref="fl-3"/>
      </object_component>
      <object_component id="oc-5d8">
         <name>.debug_info</name>
         <load_address>0x2160</load_address>
         <run_address>0x2160</run_address>
         <size>0x134</size>
         <input_file_ref idref="fl-3"/>
      </object_component>
      <object_component id="oc-545">
         <name>.debug_info</name>
         <load_address>0x2294</load_address>
         <run_address>0x2294</run_address>
         <size>0x172</size>
         <input_file_ref idref="fl-3"/>
      </object_component>
      <object_component id="oc-557">
         <name>.debug_info</name>
         <load_address>0x2406</load_address>
         <run_address>0x2406</run_address>
         <size>0x16f</size>
         <input_file_ref idref="fl-3"/>
      </object_component>
      <object_component id="oc-467">
         <name>.debug_info</name>
         <load_address>0x2575</load_address>
         <run_address>0x2575</run_address>
         <size>0x10e</size>
         <input_file_ref idref="fl-3"/>
      </object_component>
      <object_component id="oc-450">
         <name>.debug_info</name>
         <load_address>0x2683</load_address>
         <run_address>0x2683</run_address>
         <size>0x107</size>
         <input_file_ref idref="fl-4"/>
      </object_component>
      <object_component id="oc-3b9">
         <name>.debug_info</name>
         <load_address>0x278a</load_address>
         <run_address>0x278a</run_address>
         <size>0x343</size>
         <input_file_ref idref="fl-5"/>
      </object_component>
      <object_component id="oc-34f">
         <name>.debug_info</name>
         <load_address>0x2acd</load_address>
         <run_address>0x2acd</run_address>
         <size>0x11b</size>
         <input_file_ref idref="fl-5"/>
      </object_component>
      <object_component id="oc-505">
         <name>.debug_info</name>
         <load_address>0x2be8</load_address>
         <run_address>0x2be8</run_address>
         <size>0x1f4</size>
         <input_file_ref idref="fl-5"/>
      </object_component>
      <object_component id="oc-512">
         <name>.debug_info</name>
         <load_address>0x2ddc</load_address>
         <run_address>0x2ddc</run_address>
         <size>0x12c</size>
         <input_file_ref idref="fl-5"/>
      </object_component>
      <object_component id="oc-456">
         <name>.debug_info</name>
         <load_address>0x2f08</load_address>
         <run_address>0x2f08</run_address>
         <size>0x120</size>
         <input_file_ref idref="fl-5"/>
      </object_component>
      <object_component id="oc-439">
         <name>.debug_info</name>
         <load_address>0x3028</load_address>
         <run_address>0x3028</run_address>
         <size>0x3a3</size>
         <input_file_ref idref="fl-6"/>
      </object_component>
      <object_component id="oc-3c9">
         <name>.debug_info</name>
         <load_address>0x33cb</load_address>
         <run_address>0x33cb</run_address>
         <size>0xea</size>
         <input_file_ref idref="fl-6"/>
      </object_component>
      <object_component id="oc-355">
         <name>.debug_info</name>
         <load_address>0x34b5</load_address>
         <run_address>0x34b5</run_address>
         <size>0x139</size>
         <input_file_ref idref="fl-6"/>
      </object_component>
      <object_component id="oc-449">
         <name>.debug_info</name>
         <load_address>0x35ee</load_address>
         <run_address>0x35ee</run_address>
         <size>0x12f</size>
         <input_file_ref idref="fl-6"/>
      </object_component>
      <object_component id="oc-443">
         <name>.debug_info</name>
         <load_address>0x371d</load_address>
         <run_address>0x371d</run_address>
         <size>0x12f</size>
         <input_file_ref idref="fl-6"/>
      </object_component>
      <object_component id="oc-41a">
         <name>.debug_info</name>
         <load_address>0x384c</load_address>
         <run_address>0x384c</run_address>
         <size>0x585</size>
         <input_file_ref idref="fl-7"/>
      </object_component>
      <object_component id="oc-43b">
         <name>.debug_info</name>
         <load_address>0x3dd1</load_address>
         <run_address>0x3dd1</run_address>
         <size>0xd4</size>
         <input_file_ref idref="fl-7"/>
      </object_component>
      <object_component id="oc-404">
         <name>.debug_info</name>
         <load_address>0x3ea5</load_address>
         <run_address>0x3ea5</run_address>
         <size>0xd4</size>
         <input_file_ref idref="fl-7"/>
      </object_component>
      <object_component id="oc-3cd">
         <name>.debug_info</name>
         <load_address>0x3f79</load_address>
         <run_address>0x3f79</run_address>
         <size>0xd3</size>
         <input_file_ref idref="fl-7"/>
      </object_component>
      <object_component id="oc-3af">
         <name>.debug_info</name>
         <load_address>0x404c</load_address>
         <run_address>0x404c</run_address>
         <size>0xd3</size>
         <input_file_ref idref="fl-7"/>
      </object_component>
      <object_component id="oc-5c4">
         <name>.debug_info</name>
         <load_address>0x411f</load_address>
         <run_address>0x411f</run_address>
         <size>0x137</size>
         <input_file_ref idref="fl-7"/>
      </object_component>
      <object_component id="oc-5a9">
         <name>.debug_info</name>
         <load_address>0x4256</load_address>
         <run_address>0x4256</run_address>
         <size>0x1ed</size>
         <input_file_ref idref="fl-7"/>
      </object_component>
      <object_component id="oc-4eb">
         <name>.debug_info</name>
         <load_address>0x4443</load_address>
         <run_address>0x4443</run_address>
         <size>0x169</size>
         <input_file_ref idref="fl-7"/>
      </object_component>
      <object_component id="oc-5b1">
         <name>.debug_info</name>
         <load_address>0x45ac</load_address>
         <run_address>0x45ac</run_address>
         <size>0x141</size>
         <input_file_ref idref="fl-7"/>
      </object_component>
      <object_component id="oc-4f2">
         <name>.debug_info</name>
         <load_address>0x46ed</load_address>
         <run_address>0x46ed</run_address>
         <size>0x171</size>
         <input_file_ref idref="fl-7"/>
      </object_component>
      <object_component id="oc-5ca">
         <name>.debug_info</name>
         <load_address>0x485e</load_address>
         <run_address>0x485e</run_address>
         <size>0x235</size>
         <input_file_ref idref="fl-7"/>
      </object_component>
      <object_component id="oc-52f">
         <name>.debug_info</name>
         <load_address>0x4a93</load_address>
         <run_address>0x4a93</run_address>
         <size>0x1eb</size>
         <input_file_ref idref="fl-7"/>
      </object_component>
      <object_component id="oc-519">
         <name>.debug_info</name>
         <load_address>0x4c7e</load_address>
         <run_address>0x4c7e</run_address>
         <size>0x19d</size>
         <input_file_ref idref="fl-7"/>
      </object_component>
      <object_component id="oc-5b9">
         <name>.debug_info</name>
         <load_address>0x4e1b</load_address>
         <run_address>0x4e1b</run_address>
         <size>0x192</size>
         <input_file_ref idref="fl-7"/>
      </object_component>
      <object_component id="oc-4ff">
         <name>.debug_info</name>
         <load_address>0x4fad</load_address>
         <run_address>0x4fad</run_address>
         <size>0x200</size>
         <input_file_ref idref="fl-7"/>
      </object_component>
      <object_component id="oc-474">
         <name>.debug_info</name>
         <load_address>0x51ad</load_address>
         <run_address>0x51ad</run_address>
         <size>0x199</size>
         <input_file_ref idref="fl-7"/>
      </object_component>
      <object_component id="oc-40e">
         <name>.debug_info</name>
         <load_address>0x5346</load_address>
         <run_address>0x5346</run_address>
         <size>0x159</size>
         <input_file_ref idref="fl-7"/>
      </object_component>
      <object_component id="oc-3be">
         <name>.debug_info</name>
         <load_address>0x549f</load_address>
         <run_address>0x549f</run_address>
         <size>0x164</size>
         <input_file_ref idref="fl-7"/>
      </object_component>
      <object_component id="oc-520">
         <name>.debug_info</name>
         <load_address>0x5603</load_address>
         <run_address>0x5603</run_address>
         <size>0x1a6</size>
         <input_file_ref idref="fl-7"/>
      </object_component>
      <object_component id="oc-461">
         <name>.debug_info</name>
         <load_address>0x57a9</load_address>
         <run_address>0x57a9</run_address>
         <size>0x146</size>
         <input_file_ref idref="fl-7"/>
      </object_component>
      <object_component id="oc-45b">
         <name>.debug_info</name>
         <load_address>0x58ef</load_address>
         <run_address>0x58ef</run_address>
         <size>0x146</size>
         <input_file_ref idref="fl-7"/>
      </object_component>
      <object_component id="oc-414">
         <name>.debug_info</name>
         <load_address>0x5a35</load_address>
         <run_address>0x5a35</run_address>
         <size>0x174</size>
         <input_file_ref idref="fl-7"/>
      </object_component>
      <object_component id="oc-3b2">
         <name>.debug_info</name>
         <load_address>0x5ba9</load_address>
         <run_address>0x5ba9</run_address>
         <size>0x1b8</size>
         <input_file_ref idref="fl-7"/>
      </object_component>
      <object_component id="oc-349">
         <name>.debug_info</name>
         <load_address>0x5d61</load_address>
         <run_address>0x5d61</run_address>
         <size>0x126</size>
         <input_file_ref idref="fl-7"/>
      </object_component>
      <object_component id="oc-35b">
         <name>.debug_info</name>
         <load_address>0x5e87</load_address>
         <run_address>0x5e87</run_address>
         <size>0x126</size>
         <input_file_ref idref="fl-7"/>
      </object_component>
      <object_component id="oc-408">
         <name>.debug_info</name>
         <load_address>0x5fad</load_address>
         <run_address>0x5fad</run_address>
         <size>0x16a</size>
         <input_file_ref idref="fl-7"/>
      </object_component>
      <object_component id="oc-4fa">
         <name>.debug_info</name>
         <load_address>0x6117</load_address>
         <run_address>0x6117</run_address>
         <size>0x468</size>
         <input_file_ref idref="fl-8"/>
      </object_component>
      <object_component id="oc-480">
         <name>.debug_info</name>
         <load_address>0x657f</load_address>
         <run_address>0x657f</run_address>
         <size>0x526</size>
         <input_file_ref idref="fl-8"/>
      </object_component>
      <object_component id="oc-50d">
         <name>.debug_info</name>
         <load_address>0x6aa5</load_address>
         <run_address>0x6aa5</run_address>
         <size>0x168</size>
         <input_file_ref idref="fl-8"/>
      </object_component>
      <object_component id="oc-47b">
         <name>.debug_info</name>
         <load_address>0x6c0d</load_address>
         <run_address>0x6c0d</run_address>
         <size>0x24e</size>
         <input_file_ref idref="fl-8"/>
      </object_component>
      <object_component id="oc-46e">
         <name>.debug_info</name>
         <load_address>0x6e5b</load_address>
         <run_address>0x6e5b</run_address>
         <size>0x126</size>
         <input_file_ref idref="fl-8"/>
      </object_component>
      <object_component id="oc-54f">
         <name>.debug_info</name>
         <load_address>0x6f81</load_address>
         <run_address>0x6f81</run_address>
         <size>0xc6</size>
         <input_file_ref idref="fl-8"/>
      </object_component>
      <object_component id="oc-537">
         <name>.debug_info</name>
         <load_address>0x7047</load_address>
         <run_address>0x7047</run_address>
         <size>0x121</size>
         <input_file_ref idref="fl-29"/>
      </object_component>
      <object_component id="oc-541">
         <name>.debug_info</name>
         <load_address>0x7168</load_address>
         <run_address>0x7168</run_address>
         <size>0x12d</size>
         <input_file_ref idref="fl-2a"/>
      </object_component>
      <object_component id="oc-53c">
         <name>.debug_info</name>
         <load_address>0x7295</load_address>
         <run_address>0x7295</run_address>
         <size>0x121</size>
         <input_file_ref idref="fl-2b"/>
      </object_component>
      <object_component id="oc-527">
         <name>.debug_info</name>
         <load_address>0x73b6</load_address>
         <run_address>0x73b6</run_address>
         <size>0x12a</size>
         <input_file_ref idref="fl-2c"/>
      </object_component>
      <object_component id="oc-52a">
         <name>.debug_info</name>
         <load_address>0x74e0</load_address>
         <run_address>0x74e0</run_address>
         <size>0x121</size>
         <input_file_ref idref="fl-2d"/>
      </object_component>
      <object_component id="oc-54a">
         <name>.debug_info</name>
         <load_address>0x7601</load_address>
         <run_address>0x7601</run_address>
         <size>0x124</size>
         <input_file_ref idref="fl-2e"/>
      </object_component>
      <object_component id="oc-344">
         <name>.debug_info</name>
         <load_address>0x7725</load_address>
         <run_address>0x7725</run_address>
         <size>0x10f</size>
         <input_file_ref idref="fl-41"/>
      </object_component>
      <object_component id="oc-328">
         <name>.debug_info</name>
         <load_address>0x7834</load_address>
         <run_address>0x7834</run_address>
         <size>0x100</size>
         <input_file_ref idref="fl-47"/>
      </object_component>
      <object_component id="oc-373">
         <name>.debug_info</name>
         <load_address>0x7934</load_address>
         <run_address>0x7934</run_address>
         <size>0x17a</size>
         <input_file_ref idref="fl-47"/>
      </object_component>
      <object_component id="oc-58e">
         <name>.debug_info</name>
         <load_address>0x7aae</load_address>
         <run_address>0x7aae</run_address>
         <size>0x3fc</size>
         <input_file_ref idref="fl-48"/>
      </object_component>
      <object_component id="oc-4ae">
         <name>.debug_info</name>
         <load_address>0x7eaa</load_address>
         <run_address>0x7eaa</run_address>
         <size>0x230</size>
         <input_file_ref idref="fl-48"/>
      </object_component>
      <object_component id="oc-5fd">
         <name>.debug_info</name>
         <load_address>0x80da</load_address>
         <run_address>0x80da</run_address>
         <size>0x39</size>
         <input_file_ref idref="fl-48"/>
      </object_component>
      <object_component id="oc-60e">
         <name>.debug_info</name>
         <load_address>0x8113</load_address>
         <run_address>0x8113</run_address>
         <size>0x2c</size>
         <input_file_ref idref="fl-48"/>
      </object_component>
      <object_component id="oc-599">
         <name>.debug_info</name>
         <load_address>0x813f</load_address>
         <run_address>0x813f</run_address>
         <size>0x2c</size>
         <input_file_ref idref="fl-48"/>
      </object_component>
      <object_component id="oc-602">
         <name>.debug_info</name>
         <load_address>0x816b</load_address>
         <run_address>0x816b</run_address>
         <size>0xcd</size>
         <input_file_ref idref="fl-48"/>
      </object_component>
      <object_component id="oc-3d6">
         <name>.debug_info</name>
         <load_address>0x8238</load_address>
         <run_address>0x8238</run_address>
         <size>0x17f</size>
         <input_file_ref idref="fl-49"/>
      </object_component>
      <object_component id="oc-362">
         <name>.debug_info</name>
         <load_address>0x83b7</load_address>
         <run_address>0x83b7</run_address>
         <size>0x1d7</size>
         <input_file_ref idref="fl-49"/>
      </object_component>
      <object_component id="oc-3d1">
         <name>.debug_info</name>
         <load_address>0x858e</load_address>
         <run_address>0x858e</run_address>
         <size>0x46</size>
         <input_file_ref idref="fl-49"/>
      </object_component>
      <object_component id="oc-3a6">
         <name>.debug_info</name>
         <load_address>0x85d4</load_address>
         <run_address>0x85d4</run_address>
         <size>0x2c</size>
         <input_file_ref idref="fl-4a"/>
      </object_component>
      <object_component id="oc-3d9">
         <name>.debug_info</name>
         <load_address>0x8600</load_address>
         <run_address>0x8600</run_address>
         <size>0x153</size>
         <input_file_ref idref="fl-4c"/>
      </object_component>
      <object_component id="oc-58b">
         <name>.debug_info</name>
         <load_address>0x8753</load_address>
         <run_address>0x8753</run_address>
         <size>0x150</size>
         <input_file_ref idref="fl-4d"/>
      </object_component>
      <object_component id="oc-342">
         <name>.debug_info</name>
         <load_address>0x88a3</load_address>
         <run_address>0x88a3</run_address>
         <size>0x18f</size>
         <input_file_ref idref="fl-4e"/>
      </object_component>
      <object_component id="oc-74">
         <name>.debug_info</name>
         <load_address>0x8a32</load_address>
         <run_address>0x8a32</run_address>
         <size>0x1d3</size>
         <input_file_ref idref="fl-4e"/>
      </object_component>
      <object_component id="oc-33d">
         <name>.debug_info</name>
         <load_address>0x8c05</load_address>
         <run_address>0x8c05</run_address>
         <size>0x46</size>
         <input_file_ref idref="fl-4e"/>
      </object_component>
      <object_component id="oc-3a3">
         <name>.debug_info</name>
         <load_address>0x8c4b</load_address>
         <run_address>0x8c4b</run_address>
         <size>0x17b</size>
         <input_file_ref idref="fl-4f"/>
      </object_component>
      <object_component id="oc-6f">
         <name>.debug_info</name>
         <load_address>0x8dc6</load_address>
         <run_address>0x8dc6</run_address>
         <size>0x250</size>
         <input_file_ref idref="fl-4f"/>
      </object_component>
      <object_component id="oc-32c">
         <name>.debug_info</name>
         <load_address>0x9016</load_address>
         <run_address>0x9016</run_address>
         <size>0x60</size>
         <input_file_ref idref="fl-4f"/>
      </object_component>
      <object_component id="oc-3fa">
         <name>.debug_info</name>
         <load_address>0x9076</load_address>
         <run_address>0x9076</run_address>
         <size>0x46</size>
         <input_file_ref idref="fl-4f"/>
      </object_component>
      <object_component id="oc-39e">
         <name>.debug_info</name>
         <load_address>0x90bc</load_address>
         <run_address>0x90bc</run_address>
         <size>0x39</size>
         <input_file_ref idref="fl-4f"/>
      </object_component>
      <object_component id="oc-488">
         <name>.debug_info</name>
         <load_address>0x90f5</load_address>
         <run_address>0x90f5</run_address>
         <size>0x122</size>
         <input_file_ref idref="fl-50"/>
      </object_component>
      <object_component id="oc-3a5">
         <name>.debug_info</name>
         <load_address>0x9217</load_address>
         <run_address>0x9217</run_address>
         <size>0x19a</size>
         <input_file_ref idref="fl-53"/>
      </object_component>
      <object_component id="oc-338">
         <name>.debug_info</name>
         <load_address>0x93b1</load_address>
         <run_address>0x93b1</run_address>
         <size>0x17a</size>
         <input_file_ref idref="fl-53"/>
      </object_component>
      <object_component id="oc-69e">
         <name>.debug_info</name>
         <load_address>0x952b</load_address>
         <run_address>0x952b</run_address>
         <size>0x95</size>
      </object_component>
      <object_component id="oc-4d7">
         <name>.debug_line</name>
         <load_address>0x0</load_address>
         <run_address>0x0</run_address>
         <size>0xe8</size>
         <input_file_ref idref="fl-2"/>
      </object_component>
      <object_component id="oc-431">
         <name>.debug_line</name>
         <load_address>0xe8</load_address>
         <run_address>0xe8</run_address>
         <size>0x2d</size>
         <input_file_ref idref="fl-2"/>
      </object_component>
      <object_component id="oc-5e1">
         <name>.debug_line</name>
         <load_address>0x115</load_address>
         <run_address>0x115</run_address>
         <size>0x2d</size>
         <input_file_ref idref="fl-2"/>
      </object_component>
      <object_component id="oc-562">
         <name>.debug_line</name>
         <load_address>0x142</load_address>
         <run_address>0x142</run_address>
         <size>0x40</size>
         <input_file_ref idref="fl-2"/>
      </object_component>
      <object_component id="oc-568">
         <name>.debug_line</name>
         <load_address>0x182</load_address>
         <run_address>0x182</run_address>
         <size>0x40</size>
         <input_file_ref idref="fl-2"/>
      </object_component>
      <object_component id="oc-56d">
         <name>.debug_line</name>
         <load_address>0x1c2</load_address>
         <run_address>0x1c2</run_address>
         <size>0x40</size>
         <input_file_ref idref="fl-2"/>
      </object_component>
      <object_component id="oc-574">
         <name>.debug_line</name>
         <load_address>0x202</load_address>
         <run_address>0x202</run_address>
         <size>0x40</size>
         <input_file_ref idref="fl-2"/>
      </object_component>
      <object_component id="oc-42e">
         <name>.debug_line</name>
         <load_address>0x242</load_address>
         <run_address>0x242</run_address>
         <size>0x1af</size>
         <input_file_ref idref="fl-2"/>
      </object_component>
      <object_component id="oc-3e2">
         <name>.debug_line</name>
         <load_address>0x3f1</load_address>
         <run_address>0x3f1</run_address>
         <size>0x55</size>
         <input_file_ref idref="fl-2"/>
      </object_component>
      <object_component id="oc-4cc">
         <name>.debug_line</name>
         <load_address>0x446</load_address>
         <run_address>0x446</run_address>
         <size>0x38</size>
         <input_file_ref idref="fl-2"/>
      </object_component>
      <object_component id="oc-4db">
         <name>.debug_line</name>
         <load_address>0x47e</load_address>
         <run_address>0x47e</run_address>
         <size>0x38</size>
         <input_file_ref idref="fl-2"/>
      </object_component>
      <object_component id="oc-435">
         <name>.debug_line</name>
         <load_address>0x4b6</load_address>
         <run_address>0x4b6</run_address>
         <size>0x2d</size>
         <input_file_ref idref="fl-2"/>
      </object_component>
      <object_component id="oc-4e0">
         <name>.debug_line</name>
         <load_address>0x4e3</load_address>
         <run_address>0x4e3</run_address>
         <size>0x39</size>
         <input_file_ref idref="fl-2"/>
      </object_component>
      <object_component id="oc-425">
         <name>.debug_line</name>
         <load_address>0x51c</load_address>
         <run_address>0x51c</run_address>
         <size>0x6b</size>
         <input_file_ref idref="fl-2"/>
      </object_component>
      <object_component id="oc-42a">
         <name>.debug_line</name>
         <load_address>0x587</load_address>
         <run_address>0x587</run_address>
         <size>0x3a</size>
         <input_file_ref idref="fl-2"/>
      </object_component>
      <object_component id="oc-334">
         <name>.debug_line</name>
         <load_address>0x5c1</load_address>
         <run_address>0x5c1</run_address>
         <size>0x20</size>
         <input_file_ref idref="fl-2"/>
      </object_component>
      <object_component id="oc-4d4">
         <name>.debug_line</name>
         <load_address>0x5e1</load_address>
         <run_address>0x5e1</run_address>
         <size>0x6f</size>
         <input_file_ref idref="fl-2"/>
      </object_component>
      <object_component id="oc-41e">
         <name>.debug_line</name>
         <load_address>0x650</load_address>
         <run_address>0x650</run_address>
         <size>0x6c</size>
         <input_file_ref idref="fl-2"/>
      </object_component>
      <object_component id="oc-61a">
         <name>.debug_line</name>
         <load_address>0x6bc</load_address>
         <run_address>0x6bc</run_address>
         <size>0x55</size>
         <input_file_ref idref="fl-3"/>
      </object_component>
      <object_component id="oc-5db">
         <name>.debug_line</name>
         <load_address>0x711</load_address>
         <run_address>0x711</run_address>
         <size>0x52</size>
         <input_file_ref idref="fl-3"/>
      </object_component>
      <object_component id="oc-548">
         <name>.debug_line</name>
         <load_address>0x763</load_address>
         <run_address>0x763</run_address>
         <size>0x5f</size>
         <input_file_ref idref="fl-3"/>
      </object_component>
      <object_component id="oc-556">
         <name>.debug_line</name>
         <load_address>0x7c2</load_address>
         <run_address>0x7c2</run_address>
         <size>0x4d</size>
         <input_file_ref idref="fl-3"/>
      </object_component>
      <object_component id="oc-46a">
         <name>.debug_line</name>
         <load_address>0x80f</load_address>
         <run_address>0x80f</run_address>
         <size>0x51</size>
         <input_file_ref idref="fl-3"/>
      </object_component>
      <object_component id="oc-44f">
         <name>.debug_line</name>
         <load_address>0x860</load_address>
         <run_address>0x860</run_address>
         <size>0x78</size>
         <input_file_ref idref="fl-4"/>
      </object_component>
      <object_component id="oc-421">
         <name>.debug_line</name>
         <load_address>0x8d8</load_address>
         <run_address>0x8d8</run_address>
         <size>0x6e</size>
         <input_file_ref idref="fl-5"/>
      </object_component>
      <object_component id="oc-352">
         <name>.debug_line</name>
         <load_address>0x946</load_address>
         <run_address>0x946</run_address>
         <size>0x6a</size>
         <input_file_ref idref="fl-5"/>
      </object_component>
      <object_component id="oc-508">
         <name>.debug_line</name>
         <load_address>0x9b0</load_address>
         <run_address>0x9b0</run_address>
         <size>0x6f</size>
         <input_file_ref idref="fl-5"/>
      </object_component>
      <object_component id="oc-511">
         <name>.debug_line</name>
         <load_address>0xa1f</load_address>
         <run_address>0xa1f</run_address>
         <size>0x55</size>
         <input_file_ref idref="fl-5"/>
      </object_component>
      <object_component id="oc-455">
         <name>.debug_line</name>
         <load_address>0xa74</load_address>
         <run_address>0xa74</run_address>
         <size>0x57</size>
         <input_file_ref idref="fl-5"/>
      </object_component>
      <object_component id="oc-4e3">
         <name>.debug_line</name>
         <load_address>0xacb</load_address>
         <run_address>0xacb</run_address>
         <size>0xb5</size>
         <input_file_ref idref="fl-6"/>
      </object_component>
      <object_component id="oc-438">
         <name>.debug_line</name>
         <load_address>0xb80</load_address>
         <run_address>0xb80</run_address>
         <size>0x3a</size>
         <input_file_ref idref="fl-6"/>
      </object_component>
      <object_component id="oc-358">
         <name>.debug_line</name>
         <load_address>0xbba</load_address>
         <run_address>0xbba</run_address>
         <size>0x56</size>
         <input_file_ref idref="fl-6"/>
      </object_component>
      <object_component id="oc-44c">
         <name>.debug_line</name>
         <load_address>0xc10</load_address>
         <run_address>0xc10</run_address>
         <size>0x4f</size>
         <input_file_ref idref="fl-6"/>
      </object_component>
      <object_component id="oc-446">
         <name>.debug_line</name>
         <load_address>0xc5f</load_address>
         <run_address>0xc5f</run_address>
         <size>0x5a</size>
         <input_file_ref idref="fl-6"/>
      </object_component>
      <object_component id="oc-4d0">
         <name>.debug_line</name>
         <load_address>0xcb9</load_address>
         <run_address>0xcb9</run_address>
         <size>0x55</size>
         <input_file_ref idref="fl-7"/>
      </object_component>
      <object_component id="oc-4e5">
         <name>.debug_line</name>
         <load_address>0xd0e</load_address>
         <run_address>0xd0e</run_address>
         <size>0x37</size>
         <input_file_ref idref="fl-7"/>
      </object_component>
      <object_component id="oc-4c7">
         <name>.debug_line</name>
         <load_address>0xd45</load_address>
         <run_address>0xd45</run_address>
         <size>0x37</size>
         <input_file_ref idref="fl-7"/>
      </object_component>
      <object_component id="oc-43e">
         <name>.debug_line</name>
         <load_address>0xd7c</load_address>
         <run_address>0xd7c</run_address>
         <size>0x37</size>
         <input_file_ref idref="fl-7"/>
      </object_component>
      <object_component id="oc-407">
         <name>.debug_line</name>
         <load_address>0xdb3</load_address>
         <run_address>0xdb3</run_address>
         <size>0x37</size>
         <input_file_ref idref="fl-7"/>
      </object_component>
      <object_component id="oc-5c3">
         <name>.debug_line</name>
         <load_address>0xdea</load_address>
         <run_address>0xdea</run_address>
         <size>0x4c</size>
         <input_file_ref idref="fl-7"/>
      </object_component>
      <object_component id="oc-5ac">
         <name>.debug_line</name>
         <load_address>0xe36</load_address>
         <run_address>0xe36</run_address>
         <size>0x65</size>
         <input_file_ref idref="fl-7"/>
      </object_component>
      <object_component id="oc-4ee">
         <name>.debug_line</name>
         <load_address>0xe9b</load_address>
         <run_address>0xe9b</run_address>
         <size>0x54</size>
         <input_file_ref idref="fl-7"/>
      </object_component>
      <object_component id="oc-5b0">
         <name>.debug_line</name>
         <load_address>0xeef</load_address>
         <run_address>0xeef</run_address>
         <size>0x56</size>
         <input_file_ref idref="fl-7"/>
      </object_component>
      <object_component id="oc-4f1">
         <name>.debug_line</name>
         <load_address>0xf45</load_address>
         <run_address>0xf45</run_address>
         <size>0x62</size>
         <input_file_ref idref="fl-7"/>
      </object_component>
      <object_component id="oc-5cd">
         <name>.debug_line</name>
         <load_address>0xfa7</load_address>
         <run_address>0xfa7</run_address>
         <size>0x78</size>
         <input_file_ref idref="fl-7"/>
      </object_component>
      <object_component id="oc-532">
         <name>.debug_line</name>
         <load_address>0x101f</load_address>
         <run_address>0x101f</run_address>
         <size>0x5b</size>
         <input_file_ref idref="fl-7"/>
      </object_component>
      <object_component id="oc-51c">
         <name>.debug_line</name>
         <load_address>0x107a</load_address>
         <run_address>0x107a</run_address>
         <size>0x6b</size>
         <input_file_ref idref="fl-7"/>
      </object_component>
      <object_component id="oc-5bc">
         <name>.debug_line</name>
         <load_address>0x10e5</load_address>
         <run_address>0x10e5</run_address>
         <size>0x56</size>
         <input_file_ref idref="fl-7"/>
      </object_component>
      <object_component id="oc-4fe">
         <name>.debug_line</name>
         <load_address>0x113b</load_address>
         <run_address>0x113b</run_address>
         <size>0x50</size>
         <input_file_ref idref="fl-7"/>
      </object_component>
      <object_component id="oc-473">
         <name>.debug_line</name>
         <load_address>0x118b</load_address>
         <run_address>0x118b</run_address>
         <size>0x4d</size>
         <input_file_ref idref="fl-7"/>
      </object_component>
      <object_component id="oc-411">
         <name>.debug_line</name>
         <load_address>0x11d8</load_address>
         <run_address>0x11d8</run_address>
         <size>0x51</size>
         <input_file_ref idref="fl-7"/>
      </object_component>
      <object_component id="oc-3bd">
         <name>.debug_line</name>
         <load_address>0x1229</load_address>
         <run_address>0x1229</run_address>
         <size>0x62</size>
         <input_file_ref idref="fl-7"/>
      </object_component>
      <object_component id="oc-51f">
         <name>.debug_line</name>
         <load_address>0x128b</load_address>
         <run_address>0x128b</run_address>
         <size>0x4d</size>
         <input_file_ref idref="fl-7"/>
      </object_component>
      <object_component id="oc-465">
         <name>.debug_line</name>
         <load_address>0x12d8</load_address>
         <run_address>0x12d8</run_address>
         <size>0x4f</size>
         <input_file_ref idref="fl-7"/>
      </object_component>
      <object_component id="oc-45f">
         <name>.debug_line</name>
         <load_address>0x1327</load_address>
         <run_address>0x1327</run_address>
         <size>0x4f</size>
         <input_file_ref idref="fl-7"/>
      </object_component>
      <object_component id="oc-417">
         <name>.debug_line</name>
         <load_address>0x1376</load_address>
         <run_address>0x1376</run_address>
         <size>0x68</size>
         <input_file_ref idref="fl-7"/>
      </object_component>
      <object_component id="oc-3b6">
         <name>.debug_line</name>
         <load_address>0x13de</load_address>
         <run_address>0x13de</run_address>
         <size>0x8b</size>
         <input_file_ref idref="fl-7"/>
      </object_component>
      <object_component id="oc-34d">
         <name>.debug_line</name>
         <load_address>0x1469</load_address>
         <run_address>0x1469</run_address>
         <size>0x4e</size>
         <input_file_ref idref="fl-7"/>
      </object_component>
      <object_component id="oc-35e">
         <name>.debug_line</name>
         <load_address>0x14b7</load_address>
         <run_address>0x14b7</run_address>
         <size>0x4e</size>
         <input_file_ref idref="fl-7"/>
      </object_component>
      <object_component id="oc-40b">
         <name>.debug_line</name>
         <load_address>0x1505</load_address>
         <run_address>0x1505</run_address>
         <size>0x37</size>
         <input_file_ref idref="fl-7"/>
      </object_component>
      <object_component id="oc-5b7">
         <name>.debug_line</name>
         <load_address>0x153c</load_address>
         <run_address>0x153c</run_address>
         <size>0xd5</size>
         <input_file_ref idref="fl-8"/>
      </object_component>
      <object_component id="oc-482">
         <name>.debug_line</name>
         <load_address>0x1611</load_address>
         <run_address>0x1611</run_address>
         <size>0x1fa</size>
         <input_file_ref idref="fl-8"/>
      </object_component>
      <object_component id="oc-50f">
         <name>.debug_line</name>
         <load_address>0x180b</load_address>
         <run_address>0x180b</run_address>
         <size>0x67</size>
         <input_file_ref idref="fl-8"/>
      </object_component>
      <object_component id="oc-47d">
         <name>.debug_line</name>
         <load_address>0x1872</load_address>
         <run_address>0x1872</run_address>
         <size>0xc5</size>
         <input_file_ref idref="fl-8"/>
      </object_component>
      <object_component id="oc-471">
         <name>.debug_line</name>
         <load_address>0x1937</load_address>
         <run_address>0x1937</run_address>
         <size>0x51</size>
         <input_file_ref idref="fl-8"/>
      </object_component>
      <object_component id="oc-552">
         <name>.debug_line</name>
         <load_address>0x1988</load_address>
         <run_address>0x1988</run_address>
         <size>0x38</size>
         <input_file_ref idref="fl-8"/>
      </object_component>
      <object_component id="oc-535">
         <name>.debug_line</name>
         <load_address>0x19c0</load_address>
         <run_address>0x19c0</run_address>
         <size>0xbb</size>
         <input_file_ref idref="fl-29"/>
      </object_component>
      <object_component id="oc-53f">
         <name>.debug_line</name>
         <load_address>0x1a7b</load_address>
         <run_address>0x1a7b</run_address>
         <size>0x5e</size>
         <input_file_ref idref="fl-2a"/>
      </object_component>
      <object_component id="oc-53a">
         <name>.debug_line</name>
         <load_address>0x1ad9</load_address>
         <run_address>0x1ad9</run_address>
         <size>0x7d</size>
         <input_file_ref idref="fl-2b"/>
[...]
         <value>0x65e</value>
      </symbol>
      <symbol id="sm-25c">
         <name>UCB2CTLW0</name>
         <value>0x660</value>
      </symbol>
      <symbol id="sm-25d">
         <name>UCB2CTLW0_L</name>
         <value>0x660</value>
      </symbol>
      <symbol id="sm-25e">
         <name>UCB2CTLW0_H</name>
         <value>0x661</value>
      </symbol>
      <symbol id="sm-25f">
         <name>UCB2BRW</name>
         <value>0x666</value>
      </symbol>
      <symbol id="sm-260">
         <name>UCB2BRW_L</name>
         <value>0x666</value>
      </symbol>
      <symbol id="sm-261">
         <name>UCB2BRW_H</name>
         <value>0x667</value>
      </symbol>
      <symbol id="sm-262">
         <name>UCB2STAT</name>
         <value>0x66a</value>
      </symbol>
      <symbol id="sm-263">
         <name>UCB2RXBUF</name>
         <value>0x66c</value>
      </symbol>
      <symbol id="sm-264">
         <name>UCB2TXBUF</name>
         <value>0x66e</value>
      </symbol>
      <symbol id="sm-265">
         <name>UCB2I2COA</name>
         <value>0x670</value>
      </symbol>
      <symbol id="sm-266">
         <name>UCB2I2COA_L</name>
         <value>0x670</value>
      </symbol>
      <symbol id="sm-267">
         <name>UCB2I2COA_H</name>
         <value>0x671</value>
      </symbol>
      <symbol id="sm-268">
         <name>UCB2I2CSA</name>
         <value>0x672</value>
      </symbol>
      <symbol id="sm-269">
         <name>UCB2I2CSA_L</name>
         <value>0x672</value>
      </symbol>
      <symbol id="sm-26a">
         <name>UCB2I2CSA_H</name>
         <value>0x673</value>
      </symbol>
      <symbol id="sm-26b">
         <name>UCB2ICTL</name>
         <value>0x67c</value>
      </symbol>
      <symbol id="sm-26c">
         <name>UCB2ICTL_L</name>
         <value>0x67c</value>
      </symbol>
      <symbol id="sm-26d">
         <name>UCB2ICTL_H</name>
         <value>0x67d</value>
      </symbol>
      <symbol id="sm-26e">
         <name>UCB2IV</name>
         <value>0x67e</value>
      </symbol>
      <symbol id="sm-26f">
         <name>UCA3CTLW0</name>
         <value>0x680</value>
      </symbol>
      <symbol id="sm-270">
         <name>UCA3CTLW0_L</name>
         <value>0x680</value>
      </symbol>
      <symbol id="sm-271">
         <name>UCA3CTLW0_H</name>
         <value>0x681</value>
      </symbol>
      <symbol id="sm-272">
         <name>UCA3BRW</name>
         <value>0x686</value>
      </symbol>
      <symbol id="sm-273">
         <name>UCA3BRW_L</name>
         <value>0x686</value>
      </symbol>
      <symbol id="sm-274">
         <name>UCA3BRW_H</name>
         <value>0x687</value>
      </symbol>
      <symbol id="sm-275">
         <name>UCA3MCTL</name>
         <value>0x688</value>
      </symbol>
      <symbol id="sm-276">
         <name>UCA3STAT</name>
         <value>0x68a</value>
      </symbol>
      <symbol id="sm-277">
         <name>UCA3RXBUF</name>
         <value>0x68c</value>
      </symbol>
      <symbol id="sm-278">
         <name>UCA3TXBUF</name>
         <value>0x68e</value>
      </symbol>
      <symbol id="sm-279">
         <name>UCA3ABCTL</name>
         <value>0x690</value>
      </symbol>
      <symbol id="sm-27a">
         <name>UCA3IRCTL</name>
         <value>0x692</value>
      </symbol>
      <symbol id="sm-27b">
         <name>UCA3IRCTL_L</name>
         <value>0x692</value>
      </symbol>
      <symbol id="sm-27c">
         <name>UCA3IRCTL_H</name>
         <value>0x693</value>
      </symbol>
      <symbol id="sm-27d">
         <name>UCA3ICTL</name>
         <value>0x69c</value>
      </symbol>
      <symbol id="sm-27e">
         <name>UCA3ICTL_L</name>
         <value>0x69c</value>
      </symbol>
      <symbol id="sm-27f">
         <name>UCA3ICTL_H</name>
         <value>0x69d</value>
      </symbol>
      <symbol id="sm-280">
         <name>UCA3IV</name>
         <value>0x69e</value>
      </symbol>
      <symbol id="sm-281">
         <name>UCB3CTLW0</name>
         <value>0x6a0</value>
      </symbol>
      <symbol id="sm-282">
         <name>UCB3CTLW0_L</name>
         <value>0x6a0</value>
      </symbol>
      <symbol id="sm-283">
         <name>UCB3CTLW0_H</name>
         <value>0x6a1</value>
      </symbol>
      <symbol id="sm-284">
         <name>UCB3BRW</name>
         <value>0x6a6</value>
      </symbol>
      <symbol id="sm-285">
         <name>UCB3BRW_L</name>
         <value>0x6a6</value>
      </symbol>
      <symbol id="sm-286">
         <name>UCB3BRW_H</name>
         <value>0x6a7</value>
      </symbol>
      <symbol id="sm-287">
         <name>UCB3STAT</name>
         <value>0x6aa</value>
      </symbol>
      <symbol id="sm-288">
         <name>UCB3RXBUF</name>
         <value>0x6ac</value>
      </symbol>
      <symbol id="sm-289">
         <name>UCB3TXBUF</name>
         <value>0x6ae</value>
      </symbol>
      <symbol id="sm-28a">
         <name>UCB3I2COA</name>
         <value>0x6b0</value>
      </symbol>
      <symbol id="sm-28b">
         <name>UCB3I2COA_L</name>
         <value>0x6b0</value>
      </symbol>
      <symbol id="sm-28c">
         <name>UCB3I2COA_H</name>
         <value>0x6b1</value>
      </symbol>
      <symbol id="sm-28d">
         <name>UCB3I2CSA</name>
         <value>0x6b2</value>
      </symbol>
      <symbol id="sm-28e">
         <name>UCB3I2CSA_L</name>
         <value>0x6b2</value>
      </symbol>
      <symbol id="sm-28f">
         <name>UCB3I2CSA_H</name>
         <value>0x6b3</value>
      </symbol>
      <symbol id="sm-290">
         <name>UCB3ICTL</name>
         <value>0x6bc</value>
      </symbol>
      <symbol id="sm-291">
         <name>UCB3ICTL_L</name>
         <value>0x6bc</value>
      </symbol>
      <symbol id="sm-292">
         <name>UCB3ICTL_H</name>
         <value>0x6bd</value>
      </symbol>
      <symbol id="sm-293">
         <name>UCB3IV</name>
         <value>0x6be</value>
      </symbol>
      <symbol id="sm-294">
         <name>WDTCTL</name>
         <value>0x15c</value>
      </symbol>
      <symbol id="sm-295">
         <name>WDTCTL_L</name>
         <value>0x15c</value>
      </symbol>
      <symbol id="sm-296">
         <name>WDTCTL_H</name>
         <value>0x15d</value>
      </symbol>
      <symbol id="sm-297">
         <name>__TI_CINIT_Base</name>
         <value>0x5d46</value>
      </symbol>
      <symbol id="sm-298">
         <name>__TI_CINIT_Limit</name>
         <value>0x5d56</value>
      </symbol>
      <symbol id="sm-299">
         <name>__TI_CINIT_Warm</name>
         <value>0x5d56</value>
      </symbol>
      <symbol id="sm-29a">
         <name>__TI_Handler_Table_Base</name>
         <value>0x5d34</value>
      </symbol>
      <symbol id="sm-29b">
         <name>__TI_Handler_Table_Limit</name>
         <value>0x5d40</value>
      </symbol>
      <symbol id="sm-29c">
         <name>__STACK_SIZE</name>
         <value>0xa0</value>
      </symbol>
      <symbol id="sm-29d">
         <name>__STACK_END</name>
         <value>0x5c00</value>
      </symbol>
      <symbol id="sm-29e">
         <name>__c_args__</name>
         <value>0xffffffff</value>
      </symbol>
      <symbol id="sm-29f">
         <name>__TI_pprof_out_hndl</name>
         <value>0xffffffff</value>
      </symbol>
      <symbol id="sm-2a0">
         <name>__TI_prof_data_start</name>
         <value>0xffffffff</value>
      </symbol>
      <symbol id="sm-2a1">
         <name>__TI_prof_data_size</name>
         <value>0xffffffff</value>
      </symbol>
      <symbol id="sm-388">
         <name>Protection_Task</name>
         <value>0x10642</value>
         <object_component_ref idref="oc-484"/>
      </symbol>
      <symbol id="sm-389">
         <name>g_fault_strikes</name>
         <value>0x1da4</value>
         <object_component_ref idref="oc-3c2"/>
      </symbol>
      <symbol id="sm-38a">
         <name>g_update_timer</name>
         <value>0x1d9c</value>
         <object_component_ref idref="oc-3c2"/>
      </symbol>
      <symbol id="sm-38b">
         <name>g_sys_state</name>
         <value>0x1da0</value>
         <object_component_ref idref="oc-3c2"/>
      </symbol>
      <symbol id="sm-38c">
         <name>g_vin_idx</name>
         <value>0x1da5</value>
         <object_component_ref idref="oc-3c2"/>
      </symbol>
      <symbol id="sm-38d">
         <name>main</name>
         <value>0x11268</value>
         <object_component_ref idref="oc-3de"/>
      </symbol>
      <symbol id="sm-38e">
         <name>g_vin_sum</name>
         <value>0x1da6</value>
         <object_component_ref idref="oc-3c2"/>
      </symbol>
      <symbol id="sm-38f">
         <name>g_vin_buffer</name>
         <value>0x1d7c</value>
         <object_component_ref idref="oc-55a"/>
      </symbol>
      <symbol id="sm-390">
         <name>g_overload_ms</name>
         <value>0x1da2</value>
         <object_component_ref idref="oc-3c2"/>
      </symbol>
      <symbol id="sm-3bc">
         <name>adc_read_channel</name>
         <value>0x11666</value>
         <object_component_ref idref="oc-543"/>
      </symbol>
      <symbol id="sm-3bd">
         <name>adc_read_voltage</name>
         <value>0x118ba</value>
         <object_component_ref idref="oc-554"/>
      </symbol>
      <symbol id="sm-3be">
         <name>adc_init</name>
         <value>0x1178c</value>
         <object_component_ref idref="oc-466"/>
      </symbol>
      <symbol id="sm-3c7">
         <name>gpio_init</name>
         <value>0x1101e</value>
         <object_component_ref idref="oc-44e"/>
      </symbol>
      <symbol id="sm-3f6">
         <name>RS422</name>
         <value>0x1c00</value>
      </symbol>
      <symbol id="sm-3f7">
         <name>__TI_int52</name>
         <value>0xffe8</value>
         <object_component_ref idref="oc-84"/>
      </symbol>
      <symbol id="sm-3f8">
         <name>HAL_RS422_Init</name>
         <value>0x115f4</value>
         <object_component_ref idref="oc-454"/>
      </symbol>
      <symbol id="sm-3f9">
         <name>HAL_RS422_SendPacket</name>
         <value>0x115b6</value>
         <object_component_ref idref="oc-510"/>
      </symbol>
      <symbol id="sm-3fa">
         <name>USCI_A2_ISR</name>
         <value>0x5c00</value>
         <object_component_ref idref="oc-34e"/>
      </symbol>
      <symbol id="sm-3fb">
         <name>HAL_RS422_TickRxIdle</name>
         <value>0x11572</value>
         <object_component_ref idref="oc-504"/>
      </symbol>
      <symbol id="sm-41e">
         <name>__TI_int54</name>
         <value>0xffec</value>
         <object_component_ref idref="oc-86"/>
      </symbol>
      <symbol id="sm-41f">
         <name>HAL_System_ClockInit</name>
         <value>0x11630</value>
         <object_component_ref idref="oc-442"/>
      </symbol>
      <symbol id="sm-420">
         <name>HAL_System_TimerInit</name>
         <value>0x118fc</value>
         <object_component_ref idref="oc-448"/>
      </symbol>
      <symbol id="sm-421">
         <name>TIMER0_A0_ISR</name>
         <value>0x5c6e</value>
         <object_component_ref idref="oc-354"/>
      </symbol>
      <symbol id="sm-515">
         <name>i2c_init_ucb0</name>
         <value>0x118d0</value>
         <object_component_ref idref="oc-45a"/>
      </symbol>
      <symbol id="sm-516">
         <name>i2c_init_ucb2</name>
         <value>0x118e6</value>
         <object_component_ref idref="oc-460"/>
      </symbol>
      <symbol id="sm-517">
         <name>i2c_write_reg8</name>
         <value>0x11888</value>
         <object_component_ref idref="oc-472"/>
      </symbol>
      <symbol id="sm-518">
         <name>__TI_int56</name>
         <value>0xfff0</value>
         <object_component_ref idref="oc-88"/>
      </symbol>
      <symbol id="sm-519">
         <name>__TI_int51</name>
         <value>0xffe6</value>
         <object_component_ref idref="oc-83"/>
      </symbol>
      <symbol id="sm-51a">
         <name>USCI_B0_ISR</name>
         <value>0x5cb0</value>
         <object_component_ref idref="oc-35a"/>
      </symbol>
      <symbol id="sm-51b">
         <name>i2c_async_write_reg_multi</name>
         <value>0x112d4</value>
         <object_component_ref idref="oc-52e"/>
      </symbol>
      <symbol id="sm-51c">
         <name>USCI_B2_ISR</name>
         <value>0x5cc8</value>
         <object_component_ref idref="oc-348"/>
      </symbol>
      <symbol id="sm-51d">
         <name>i2c_service_tick</name>
         <value>0x1143e</value>
         <object_component_ref idref="oc-3bc"/>
      </symbol>
      <symbol id="sm-51e">
         <name>g_i2c_ucb0</name>
         <value>0x5ce8</value>
         <object_component_ref idref="oc-43a"/>
      </symbol>
      <symbol id="sm-51f">
         <name>g_i2c_ucb2</name>
         <value>0x5d04</value>
         <object_component_ref idref="oc-403"/>
      </symbol>
      <symbol id="sm-520">
         <name>i2c_async_poll</name>
         <value>0x11332</value>
         <object_component_ref idref="oc-518"/>
      </symbol>
      <symbol id="sm-521">
         <name>i2c_write_reg_multi</name>
         <value>0x116d2</value>
         <object_component_ref idref="oc-4fd"/>
      </symbol>
      <symbol id="sm-522">
         <name>i2c_async_read_bytes</name>
         <value>0x117dc</value>
         <object_component_ref idref="oc-51e"/>
      </symbol>
      <symbol id="sm-593">
         <name>MB_RS422_Table</name>
         <value>0x1d0c</value>
      </symbol>
      <symbol id="sm-594">
         <name>MB_RS422_UpdateTable</name>
         <value>0x10000</value>
         <object_component_ref idref="oc-47e"/>
      </symbol>
      <symbol id="sm-595">
         <name>MB_RS422_Init</name>
         <value>0x118a2</value>
         <object_component_ref idref="oc-46c"/>
      </symbol>
      <symbol id="sm-596">
         <name>MB_RS422_Process</name>
         <value>0x10aec</value>
         <object_component_ref idref="oc-478"/>
      </symbol>
      <symbol id="sm-5b1">
         <name>__mspabi_subf</name>
         <value>0x10c94</value>
         <object_component_ref idref="oc-534"/>
      </symbol>
      <symbol id="sm-5b2">
         <name>__mspabi_addf</name>
         <value>0x10c9a</value>
         <object_component_ref idref="oc-534"/>
      </symbol>
      <symbol id="sm-5c2">
         <name>__mspabi_cmpf</name>
         <value>0x11528</value>
         <object_component_ref idref="oc-53e"/>
      </symbol>
      <symbol id="sm-5d4">
         <name>__mspabi_divf</name>
         <value>0x11162</value>
         <object_component_ref idref="oc-539"/>
      </symbol>
      <symbol id="sm-5e1">
         <name>__mspabi_fltif</name>
         <value>0x1169c</value>
         <object_component_ref idref="oc-524"/>
      </symbol>
      <symbol id="sm-5f8">
         <name>__mspabi_mpyf</name>
         <value>0x10f66</value>
         <object_component_ref idref="oc-529"/>
      </symbol>
      <symbol id="sm-603">
         <name>__mspabi_fltuf</name>
         <value>0x11826</value>
         <object_component_ref idref="oc-549"/>
      </symbol>
      <symbol id="sm-606">
         <name>__TI_int41</name>
         <value>0xffd2</value>
         <object_component_ref idref="oc-79"/>
      </symbol>
      <symbol id="sm-609">
         <name>__TI_int42</name>
         <value>0xffd4</value>
         <object_component_ref idref="oc-7a"/>
      </symbol>
      <symbol id="sm-60c">
         <name>__TI_int43</name>
         <value>0xffd6</value>
         <object_component_ref idref="oc-7b"/>
      </symbol>
      <symbol id="sm-60f">
         <name>__TI_int44</name>
         <value>0xffd8</value>
         <object_component_ref idref="oc-7c"/>
      </symbol>
      <symbol id="sm-612">
         <name>__TI_int45</name>
         <value>0xffda</value>
         <object_component_ref idref="oc-7d"/>
      </symbol>
      <symbol id="sm-615">
         <name>__TI_int46</name>
         <value>0xffdc</value>
         <object_component_ref idref="oc-7e"/>
      </symbol>
      <symbol id="sm-618">
         <name>__TI_int47</name>
         <value>0xffde</value>
         <object_component_ref idref="oc-7f"/>
      </symbol>
      <symbol id="sm-61b">
         <name>__TI_int48</name>
         <value>0xffe0</value>
         <object_component_ref idref="oc-80"/>
      </symbol>
      <symbol id="sm-61e">
         <name>__TI_int49</name>
         <value>0xffe2</value>
         <object_component_ref idref="oc-81"/>
      </symbol>
      <symbol id="sm-621">
         <name>__TI_int50</name>
         <value>0xffe4</value>
         <object_component_ref idref="oc-82"/>
      </symbol>
      <symbol id="sm-624">
         <name>__TI_int53</name>
         <value>0xffea</value>
         <object_component_ref idref="oc-85"/>
      </symbol>
      <symbol id="sm-627">
         <name>__TI_int55</name>
         <value>0xffee</value>
         <object_component_ref idref="oc-87"/>
      </symbol>
      <symbol id="sm-62a">
         <name>__TI_int57</name>
         <value>0xfff2</value>
         <object_component_ref idref="oc-89"/>
      </symbol>
      <symbol id="sm-62d">
         <name>__TI_int58</name>
         <value>0xfff4</value>
         <object_component_ref idref="oc-8a"/>
      </symbol>
      <symbol id="sm-630">
         <name>__TI_int59</name>
         <value>0xfff6</value>
         <object_component_ref idref="oc-8b"/>
      </symbol>
      <symbol id="sm-633">
         <name>__TI_int60</name>
         <value>0xfff8</value>
         <object_component_ref idref="oc-8c"/>
      </symbol>
      <symbol id="sm-636">
         <name>__TI_int61</name>
         <value>0xfffa</value>
         <object_component_ref idref="oc-8d"/>
      </symbol>
      <symbol id="sm-639">
         <name>__TI_int62</name>
         <value>0xfffc</value>
         <object_component_ref idref="oc-8e"/>
      </symbol>
      <symbol id="sm-641">
         <name>__TI_ISR_TRAP</name>
         <value>0x5ce0</value>
         <object_component_ref idref="oc-343"/>
      </symbol>
      <symbol id="sm-656">
         <name>_stack</name>
         <value>0x5b60</value>
         <object_component_ref idref="oc-327"/>
      </symbol>
      <symbol id="sm-657">
         <name>_c_int00_noargs</name>
         <value>0x5c94</value>
         <object_component_ref idref="oc-372"/>
      </symbol>
      <symbol id="sm-658">
         <name>_reset_vector</name>
         <value>0xfffe</value>
         <object_component_ref idref="oc-32a"/>
      </symbol>
      <symbol id="sm-67b">
         <name>__TI_auto_init_nobinit_nopinit_hold_wdt</name>
         <value>0x113ea</value>
         <object_component_ref idref="oc-4ab"/>
      </symbol>
      <symbol id="sm-68e">
         <name>__TI_zero_init_nomemset</name>
         <value>0x11802</value>
         <object_component_ref idref="oc-360"/>
      </symbol>
      <symbol id="sm-69e">
         <name>_system_pre_init</name>
         <value>0x1195c</value>
         <object_component_ref idref="oc-3d8"/>
      </symbol>
      <symbol id="sm-6a7">
         <name>_system_post_cinit</name>
         <value>0x11960</value>
         <object_component_ref idref="oc-587"/>
      </symbol>
      <symbol id="sm-6b8">
         <name>__TI_decompress_none</name>
         <value>0x11924</value>
         <object_component_ref idref="oc-73"/>
      </symbol>
      <symbol id="sm-6db">
         <name>__TI_decompress_lzss</name>
         <value>0x111f2</value>
         <object_component_ref idref="oc-6d"/>
      </symbol>
      <symbol id="sm-6e5">
         <name>C$$EXIT</name>
         <value>0x11956</value>
         <object_component_ref idref="oc-487"/>
      </symbol>
      <symbol id="sm-6e6">
         <name>abort</name>
         <value>0x11956</value>
         <object_component_ref idref="oc-487"/>
      </symbol>
      <symbol id="sm-6f6">
         <name>memcpy</name>
         <value>0x11910</value>
         <object_component_ref idref="oc-336"/>
      </symbol>
   </symbol_table>
   <title>Link successful</title>
</link_info>
